#
# There is insufficient memory for the Java Runtime Environment to continue.
# Native memory allocation (mmap) failed to map 169869312 bytes. Error detail: G1 virtual space
# Possible reasons:
#   The system is out of physical RAM or swap space
#   This process is running with CompressedOops enabled, and the Java Heap may be blocking the growth of the native heap
# Possible solutions:
#   Reduce memory load on the system
#   Increase physical memory or swap space
#   Check if swap backing store is full
#   Decrease Java heap size (-Xmx/-Xms)
#   Decrease number of Java threads
#   Decrease Java thread stack sizes (-Xss)
#   Set larger code cache with -XX:ReservedCodeCacheSize=
#   JVM is running with Unscaled Compressed Oops mode in which the Java heap is
#     placed in the first 4GB address space. The Java Heap base address is the
#     maximum limit for the native heap growth. Please use -XX:HeapBaseMinAddress
#     to set the Java Heap base and to place the Java Heap above 4GB virtual address.
# This output file may be truncated or incomplete.
#
#  Out of Memory Error (os_windows.cpp:3732), pid=18388, tid=19708
#
# JRE version: OpenJDK Runtime Environment Temurin-21.0.12.1+1 (21.0.12.1+1) (build 21.0.12.1+1-LTS)
# Java VM: OpenJDK 64-Bit Server VM Temurin-21.0.12.1+1 (21.0.12.1+1-LTS, mixed mode, sharing, tiered, compressed oops, compressed class ptrs, g1 gc, windows-amd64)
# No core dump will be written. Minidumps are not enabled by default on client versions of Windows
#

---------------  S U M M A R Y ------------

Command Line: --add-modules=ALL-SYSTEM --add-opens=java.base/java.util=ALL-UNNAMED --add-opens=java.base/java.lang=ALL-UNNAMED --add-opens=java.base/sun.nio.fs=ALL-UNNAMED -Declipse.application=org.eclipse.jdt.ls.core.id1 -Dosgi.bundles.defaultStartLevel=4 -Declipse.product=org.eclipse.jdt.ls.core.product -Djava.import.generatesMetadataFilesAtProjectRoot=false -Dm2e.project.cache.size=50 -DDetectVMInstallationsJob.disabled=true -Dfile.encoding=utf8 -Xlog:disable -Xmx2G -javaagent:c:\Users\WINDOWS 11\.vscode\extensions\redhat.java-1.56.0-win32-x64\lombok\lombok-1.18.39-4050.jar -XX:+HeapDumpOnOutOfMemoryError -XX:HeapDumpPath=c:\Users\WINDOWS 11\AppData\Roaming\Code\User\workspaceStorage\fe404cd1fb7d674706fc62bec4e3662a\redhat.java -Daether.dependencyCollector.impl=bf c:\Users\WINDOWS 11\.vscode\extensions\redhat.java-1.56.0-win32-x64\server\plugins\org.eclipse.equinox.launcher_1.8.0.v20260804-1928.jar -configuration c:\Users\WINDOWS 11\AppData\Roaming\Code\User\globalStorage\redhat.java\1.56.0\config_win -data c:\Users\WINDOWS 11\AppData\Roaming\Code\User\workspaceStorage\fe404cd1fb7d674706fc62bec4e3662a\redhat.java\jdt_ws --stdio

Host: Intel(R) Celeron(R) N4500 @ 1.10GHz, 2 cores, 3G,  Windows 11 , 64 bit Build 26100 (10.0.26100.9444)
Time: Thu Oct  8 14:25:14 2026 SE Asia Standard Time elapsed time: 185.427477 seconds (0d 0h 3m 5s)

---------------  T H R E A D  ---------------

Current thread (0x000002d0ffaf11b0):  VMThread "VM Thread"          [id=19708, stack(0x000000f34f400000,0x000000f34f500000) (1024K)]

Stack: [0x000000f34f400000,0x000000f34f500000]
Native frames: (J=compiled Java code, j=interpreted, Vv=VM code, C=native code)
V  [jvm.dll+0x6d83e9]
V  [jvm.dll+0x8b5736]
V  [jvm.dll+0x8b7cee]
V  [jvm.dll+0x8b83d3]
V  [jvm.dll+0x284596]
V  [jvm.dll+0x6d4d05]
V  [jvm.dll+0x6c898a]
V  [jvm.dll+0x35f2f8]
V  [jvm.dll+0x366f36]
V  [jvm.dll+0x3b804e]
V  [jvm.dll+0x3b82f8]
V  [jvm.dll+0x33320c]
V  [jvm.dll+0x33329a]
V  [jvm.dll+0x377382]
V  [jvm.dll+0x375b1a]
V  [jvm.dll+0x332951]
V  [jvm.dll+0x37517a]
V  [jvm.dll+0x8be0c0]
V  [jvm.dll+0x8bf434]
V  [jvm.dll+0x8bf960]
V  [jvm.dll+0x8bfc03]
V  [jvm.dll+0x8600cd]
V  [jvm.dll+0x6d6c1d]
C  [ucrtbase.dll+0x2cd30]
C  [KERNEL32.DLL+0x2cd87]
C  [ntdll.dll+0xacaec]

VM_Operation (0x000000f3509fda60): G1CollectForAllocation, mode: safepoint, requested by thread 0x000002d0c7e3b420


---------------  P R O C E S S  ---------------

Threads class SMR info:
_java_thread_list=0x000002d0ca6f7840, length=35, elements={
0x000002d0eb189e00, 0x000002d0ffb103f0, 0x000002d0ffb146b0, 0x000002d0ffb18bf0,
0x000002d0ffb19650, 0x000002d0ffb1a0b0, 0x000002d0ffb1ab10, 0x000002d0ffb1b8a0,
0x000002d0ffb8e530, 0x000002d0ffcb7980, 0x000002d0ffea0300, 0x000002d0c70a8480,
0x000002d0fff2ab90, 0x000002d0c71414a0, 0x000002d0c7141ee0, 0x000002d0c7d70510,
0x000002d0fff4c5b0, 0x000002d0c7bfa1f0, 0x000002d0c73dbbd0, 0x000002d0c73db540,
0x000002d0c73dc260, 0x000002d0c73daeb0, 0x000002d0c7e3b420, 0x000002d0c7e3bab0,
0x000002d0c7e39350, 0x000002d0c7e399e0, 0x000002d0c7e3a070, 0x000002d0c7e3ad90,
0x000002d0c7e38cc0, 0x000002d0c7e3c7d0, 0x000002d0c7e3c140, 0x000002d0c7e3db80,
0x000002d0c7e3e8a0, 0x000002d0c796a1b0, 0x000002d0c7969490
}

Java Threads: ( => current thread )
  0x000002d0eb189e00 JavaThread "main"                              [_thread_blocked, id=2732, stack(0x000000f34ec00000,0x000000f34ed00000) (1024K)]
  0x000002d0ffb103f0 JavaThread "Reference Handler"          daemon [_thread_blocked, id=1720, stack(0x000000f34f500000,0x000000f34f600000) (1024K)]
  0x000002d0ffb146b0 JavaThread "Finalizer"                  daemon [_thread_blocked, id=3268, stack(0x000000f34f600000,0x000000f34f700000) (1024K)]
  0x000002d0ffb18bf0 JavaThread "Signal Dispatcher"          daemon [_thread_blocked, id=17132, stack(0x000000f34f700000,0x000000f34f800000) (1024K)]
  0x000002d0ffb19650 JavaThread "Attach Listener"            daemon [_thread_blocked, id=9276, stack(0x000000f34f800000,0x000000f34f900000) (1024K)]
  0x000002d0ffb1a0b0 JavaThread "Service Thread"             daemon [_thread_blocked, id=13492, stack(0x000000f34f900000,0x000000f34fa00000) (1024K)]
  0x000002d0ffb1ab10 JavaThread "Monitor Deflation Thread"   daemon [_thread_blocked, id=15504, stack(0x000000f34fa00000,0x000000f34fb00000) (1024K)]
  0x000002d0ffb1b8a0 JavaThread "C2 CompilerThread0"         daemon [_thread_blocked, id=15668, stack(0x000000f34fb00000,0x000000f34fc00000) (1024K)]
  0x000002d0ffb8e530 JavaThread "C1 CompilerThread0"         daemon [_thread_blocked, id=17340, stack(0x000000f34fc00000,0x000000f34fd00000) (1024K)]
  0x000002d0ffcb7980 JavaThread "Common-Cleaner"             daemon [_thread_blocked, id=7280, stack(0x000000f34fd00000,0x000000f34fe00000) (1024K)]
  0x000002d0ffea0300 JavaThread "Notification Thread"        daemon [_thread_blocked, id=17724, stack(0x000000f34ff00000,0x000000f350000000) (1024K)]
  0x000002d0c70a8480 JavaThread "Active Thread: Equinox Container: 79dc4afc-6c35-432a-b2e5-cedccc2c76f3"        [_thread_blocked, id=17876, stack(0x000000f350000000,0x000000f350100000) (1024K)]
  0x000002d0fff2ab90 JavaThread "Refresh Thread: Equinox Container: 79dc4afc-6c35-432a-b2e5-cedccc2c76f3" daemon [_thread_blocked, id=16452, stack(0x000000f350100000,0x000000f350200000) (1024K)]
  0x000002d0c71414a0 JavaThread "Framework Event Dispatcher: Equinox Container: 79dc4afc-6c35-432a-b2e5-cedccc2c76f3" daemon [_thread_blocked, id=17824, stack(0x000000f350200000,0x000000f350300000) (1024K)]
  0x000002d0c7141ee0 JavaThread "Start Level: Equinox Container: 79dc4afc-6c35-432a-b2e5-cedccc2c76f3" daemon [_thread_blocked, id=14624, stack(0x000000f350300000,0x000000f350400000) (1024K)]
  0x000002d0c7d70510 JavaThread "Bundle File Closer"         daemon [_thread_blocked, id=20120, stack(0x000000f350400000,0x000000f350500000) (1024K)]
  0x000002d0fff4c5b0 JavaThread "SCR Component Actor"        daemon [_thread_blocked, id=20412, stack(0x000000f350500000,0x000000f350600000) (1024K)]
  0x000002d0c7bfa1f0 JavaThread "Worker-JM"                         [_thread_blocked, id=19652, stack(0x000000f350600000,0x000000f350700000) (1024K)]
  0x000002d0c73dbbd0 JavaThread "Worker-0"                          [_thread_blocked, id=7012, stack(0x000000f350700000,0x000000f350800000) (1024K)]
  0x000002d0c73db540 JavaThread "Worker-1: Check JDK Index"         [_thread_blocked, id=2028, stack(0x000000f350800000,0x000000f350900000) (1024K)]
  0x000002d0c73dc260 JavaThread "Worker-2"                          [_thread_blocked, id=14612, stack(0x000000f34eb00000,0x000000f34ec00000) (1024K)]
  0x000002d0c73daeb0 JavaThread "Worker-3"                          [_thread_blocked, id=20192, stack(0x000000f34ed00000,0x000000f34ee00000) (1024K)]
  0x000002d0c7e3b420 JavaThread "Java indexing"              daemon [_thread_blocked, id=4900, stack(0x000000f350900000,0x000000f350a00000) (1024K)]
  0x000002d0c7e3bab0 JavaThread "JNA Cleaner"                daemon [_thread_blocked, id=20024, stack(0x000000f350c00000,0x000000f350d00000) (1024K)]
  0x000002d0c7e39350 JavaThread "Worker-4"                          [_thread_blocked, id=20148, stack(0x000000f350f00000,0x000000f351000000) (1024K)]
  0x000002d0c7e399e0 JavaThread "Worker-5"                          [_thread_blocked, id=11152, stack(0x000000f351000000,0x000000f351100000) (1024K)]
  0x000002d0c7e3a070 JavaThread "pool-2-thread-1"                   [_thread_blocked, id=19192, stack(0x000000f351100000,0x000000f351200000) (1024K)]
  0x000002d0c7e3ad90 JavaThread "WorkspaceEventsHandler"            [_thread_blocked, id=3452, stack(0x000000f351200000,0x000000f351300000) (1024K)]
  0x000002d0c7e38cc0 JavaThread "pool-1-thread-1"                   [_thread_blocked, id=17268, stack(0x000000f351300000,0x000000f351400000) (1024K)]
  0x000002d0c7e3c7d0 JavaThread "LocalFile Deleter"          daemon [_thread_blocked, id=1408, stack(0x000000f351500000,0x000000f351600000) (1024K)]
  0x000002d0c7e3c140 JavaThread "Compiler Processing Task"   daemon [_thread_blocked, id=11700, stack(0x000000f350a00000,0x000000f350b00000) (1024K)]
  0x000002d0c7e3db80 JavaThread "Compiler Class File Writer" daemon [_thread_blocked, id=15904, stack(0x000000f350b00000,0x000000f350c00000) (1024K)]
  0x000002d0c7e3e8a0 JavaThread "Thread-4"                          [_thread_blocked, id=14484, stack(0x000000f351700000,0x000000f351800000) (1024K)]
  0x000002d0c796a1b0 JavaThread "Thread-13"                         [_thread_blocked, id=14880, stack(0x000000f352000000,0x000000f352100000) (1024K)]
  0x000002d0c7969490 JavaThread "Thread-14"                         [_thread_blocked, id=18964, stack(0x000000f352100000,0x000000f352200000) (1024K)]
Total: 35

Other Threads:
=>0x000002d0ffaf11b0 VMThread "VM Thread"                           [id=19708, stack(0x000000f34f400000,0x000000f34f500000) (1024K)]
  0x000002d0ffae0fe0 WatcherThread "VM Periodic Task Thread"        [id=2796, stack(0x000000f34f300000,0x000000f34f400000) (1024K)]
  0x000002d0eb1eae70 WorkerThread "GC Thread#0"                     [id=17556, stack(0x000000f34ee00000,0x000000f34ef00000) (1024K)]
  0x000002d0ffead320 WorkerThread "GC Thread#1"                     [id=17072, stack(0x000000f34fe00000,0x000000f34ff00000) (1024K)]
  0x000002d0eb1fbd70 ConcurrentGCThread "G1 Main Marker"            [id=18284, stack(0x000000f34ef00000,0x000000f34f000000) (1024K)]
  0x000002d0eb1fddb0 WorkerThread "G1 Conc#0"                       [id=14760, stack(0x000000f34f000000,0x000000f34f100000) (1024K)]
  0x000002d0eb24c140 ConcurrentGCThread "G1 Refine#0"               [id=6332, stack(0x000000f34f100000,0x000000f34f200000) (1024K)]
  0x000002d0eb24e1f0 ConcurrentGCThread "G1 Service"                [id=19056, stack(0x000000f34f200000,0x000000f34f300000) (1024K)]
Total: 8

Threads with active compile tasks:
Total: 0

VM state: at safepoint (normal execution)

VM Mutex/Monitor currently owned by a thread:  ([mutex/lock_event])
[0x00007ff97809f5b0] Threads_lock - owner thread: 0x000002d0ffaf11b0
[0x00007ff97809f6b0] Heap_lock - owner thread: 0x000002d0c7e3b420

Heap address: 0x0000000080000000, size: 2048 MB, Compressed Oops mode: 32-bit

CDS archive(s) mapped at: [0x000002d082000000-0x000002d082ba0000-0x000002d082ba0000), size 12189696, SharedBaseAddress: 0x000002d082000000, ArchiveRelocationMode: 1.
Compressed class space mapped at: 0x000002d083000000-0x000002d0c3000000, reserved size: 1073741824
Narrow klass base: 0x000002d082000000, Narrow klass shift: 0, Narrow klass range: 0x100000000

GC Precious Log:
 CardTable entry size: 512
 Card Set container configuration: InlinePtr #cards 5 size 8 Array Of Cards #cards 12 size 40 Howl #buckets 4 coarsen threshold 1843 Howl Bitmap #cards 512 size 80 coarsen threshold 460 Card regions per heap region 1 cards per card region 2048
 CPUs: 2 total, 2 available
 Memory: 3871M
 Large Page Support: Disabled
 NUMA Support: Disabled
 Compressed Oops: Enabled (32-bit)
 Heap Region Size: 1M
 Heap Min Capacity: 8M
 Heap Initial Capacity: 62M
 Heap Max Capacity: 2G
 Pre-touch: Disabled
 Parallel Workers: 2
 Concurrent Workers: 1
 Concurrent Refinement Workers: 2
 Periodic GC: Disabled

Heap:
 garbage-first heap   total 326656K, used 234496K [0x0000000080000000, 0x0000000100000000)
  region size 1024K, 10 young (10240K), 10 survivors (10240K)
 Metaspace       used 61441K, committed 62848K, reserved 1114112K
  class space    used 6553K, committed 7168K, reserved 1048576K

Heap Regions: E=young(eden), S=young(survivor), O=old, HS=humongous(starts), HC=humongous(continues), CS=collection set, F=free, TAMS=top-at-mark-start, PB=parsable bottom
|   0|0x0000000080000000, 0x0000000080100000, 0x0000000080100000|100%| O|  |TAMS 0x0000000080100000| PB 0x0000000080000000| Untracked 
|   1|0x0000000080100000, 0x0000000080200000, 0x0000000080200000|100%| O|  |TAMS 0x0000000080200000| PB 0x0000000080100000| Untracked 
|   2|0x0000000080200000, 0x0000000080300000, 0x0000000080300000|100%| O|  |TAMS 0x0000000080300000| PB 0x0000000080200000| Untracked 
|   3|0x0000000080300000, 0x0000000080400000, 0x0000000080400000|100%| O|  |TAMS 0x0000000080400000| PB 0x0000000080300000| Untracked 
|   4|0x0000000080400000, 0x0000000080500000, 0x0000000080500000|100%| O|  |TAMS 0x0000000080500000| PB 0x0000000080400000| Untracked 
|   5|0x0000000080500000, 0x0000000080600000, 0x0000000080600000|100%| O|  |TAMS 0x0000000080600000| PB 0x0000000080500000| Untracked 
|   6|0x0000000080600000, 0x0000000080700000, 0x0000000080700000|100%| O|  |TAMS 0x0000000080700000| PB 0x0000000080600000| Untracked 
|   7|0x0000000080700000, 0x0000000080800000, 0x0000000080800000|100%| O|  |TAMS 0x0000000080800000| PB 0x0000000080700000| Untracked 
|   8|0x0000000080800000, 0x0000000080900000, 0x0000000080900000|100%| O|  |TAMS 0x0000000080900000| PB 0x0000000080800000| Untracked 
|   9|0x0000000080900000, 0x0000000080a00000, 0x0000000080a00000|100%| O|  |TAMS 0x0000000080a00000| PB 0x0000000080900000| Untracked 
|  10|0x0000000080a00000, 0x0000000080b00000, 0x0000000080b00000|100%| O|  |TAMS 0x0000000080b00000| PB 0x0000000080a00000| Untracked 
|  11|0x0000000080b00000, 0x0000000080c00000, 0x0000000080c00000|100%| O|  |TAMS 0x0000000080c00000| PB 0x0000000080b00000| Untracked 
|  12|0x0000000080c00000, 0x0000000080d00000, 0x0000000080d00000|100%| O|  |TAMS 0x0000000080d00000| PB 0x0000000080c00000| Untracked 
|  13|0x0000000080d00000, 0x0000000080e00000, 0x0000000080e00000|100%| O|  |TAMS 0x0000000080e00000| PB 0x0000000080d00000| Untracked 
|  14|0x0000000080e00000, 0x0000000080f00000, 0x0000000080f00000|100%|HS|  |TAMS 0x0000000080f00000| PB 0x0000000080e00000| Complete 
|  15|0x0000000080f00000, 0x0000000081000000, 0x0000000081000000|100%| O|  |TAMS 0x0000000081000000| PB 0x0000000080f00000| Untracked 
|  16|0x0000000081000000, 0x0000000081100000, 0x0000000081100000|100%| O|  |TAMS 0x0000000081100000| PB 0x0000000081000000| Untracked 
|  17|0x0000000081100000, 0x0000000081200000, 0x0000000081200000|100%| O|  |TAMS 0x0000000081200000| PB 0x0000000081100000| Untracked 
|  18|0x0000000081200000, 0x0000000081300000, 0x0000000081300000|100%| O|  |TAMS 0x0000000081300000| PB 0x0000000081200000| Untracked 
|  19|0x0000000081300000, 0x0000000081400000, 0x0000000081400000|100%| O|  |TAMS 0x0000000081400000| PB 0x0000000081300000| Untracked 
|  20|0x0000000081400000, 0x0000000081500000, 0x0000000081500000|100%| O|  |TAMS 0x0000000081500000| PB 0x0000000081400000| Untracked 
|  21|0x0000000081500000, 0x0000000081600000, 0x0000000081600000|100%| O|  |TAMS 0x0000000081600000| PB 0x0000000081500000| Untracked 
|  22|0x0000000081600000, 0x0000000081700000, 0x0000000081700000|100%| O|  |TAMS 0x0000000081700000| PB 0x0000000081600000| Untracked 
|  23|0x0000000081700000, 0x0000000081800000, 0x0000000081800000|100%| O|  |TAMS 0x0000000081800000| PB 0x0000000081700000| Untracked 
|  24|0x0000000081800000, 0x0000000081900000, 0x0000000081900000|100%| O|  |TAMS 0x0000000081900000| PB 0x0000000081800000| Untracked 
|  25|0x0000000081900000, 0x0000000081a00000, 0x0000000081a00000|100%| O|  |TAMS 0x0000000081a00000| PB 0x0000000081900000| Untracked 
|  26|0x0000000081a00000, 0x0000000081b00000, 0x0000000081b00000|100%| O|  |TAMS 0x0000000081b00000| PB 0x0000000081a00000| Untracked 
|  27|0x0000000081b00000, 0x0000000081c00000, 0x0000000081c00000|100%| O|  |TAMS 0x0000000081c00000| PB 0x0000000081b00000| Untracked 
|  28|0x0000000081c00000, 0x0000000081d00000, 0x0000000081d00000|100%| O|  |TAMS 0x0000000081d00000| PB 0x0000000081c00000| Untracked 
|  29|0x0000000081d00000, 0x0000000081e00000, 0x0000000081e00000|100%| O|  |TAMS 0x0000000081e00000| PB 0x0000000081d00000| Untracked 
|  30|0x0000000081e00000, 0x0000000081f00000, 0x0000000081f00000|100%| O|  |TAMS 0x0000000081f00000| PB 0x0000000081e00000| Untracked 
|  31|0x0000000081f00000, 0x0000000082000000, 0x0000000082000000|100%| O|  |TAMS 0x0000000082000000| PB 0x0000000081f00000| Untracked 
|  32|0x0000000082000000, 0x0000000082100000, 0x0000000082100000|100%| O|  |TAMS 0x0000000082100000| PB 0x0000000082000000| Untracked 
|  33|0x0000000082100000, 0x0000000082200000, 0x0000000082200000|100%| O|  |TAMS 0x0000000082200000| PB 0x0000000082100000| Untracked 
|  34|0x0000000082200000, 0x0000000082300000, 0x0000000082300000|100%| O|  |TAMS 0x0000000082300000| PB 0x0000000082200000| Untracked 
|  35|0x0000000082300000, 0x0000000082400000, 0x0000000082400000|100%| O|  |TAMS 0x0000000082400000| PB 0x0000000082300000| Untracked 
|  36|0x0000000082400000, 0x0000000082500000, 0x0000000082500000|100%| O|  |TAMS 0x0000000082500000| PB 0x0000000082400000| Untracked 
|  37|0x0000000082500000, 0x0000000082600000, 0x0000000082600000|100%| O|  |TAMS 0x0000000082600000| PB 0x0000000082500000| Untracked 
|  38|0x0000000082600000, 0x0000000082700000, 0x0000000082700000|100%| O|  |TAMS 0x0000000082700000| PB 0x0000000082600000| Untracked 
|  39|0x0000000082700000, 0x0000000082800000, 0x0000000082800000|100%| O|  |TAMS 0x0000000082800000| PB 0x0000000082700000| Untracked 
|  40|0x0000000082800000, 0x0000000082900000, 0x0000000082900000|100%| O|  |TAMS 0x0000000082900000| PB 0x0000000082800000| Untracked 
|  41|0x0000000082900000, 0x0000000082a00000, 0x0000000082a00000|100%| O|  |TAMS 0x0000000082a00000| PB 0x0000000082900000| Untracked 
|  42|0x0000000082a00000, 0x0000000082b00000, 0x0000000082b00000|100%| O|  |TAMS 0x0000000082b00000| PB 0x0000000082a00000| Untracked 
|  43|0x0000000082b00000, 0x0000000082c00000, 0x0000000082c00000|100%| O|  |TAMS 0x0000000082c00000| PB 0x0000000082b00000| Untracked 
|  44|0x0000000082c00000, 0x0000000082d00000, 0x0000000082d00000|100%| O|  |TAMS 0x0000000082d00000| PB 0x0000000082c00000| Untracked 
|  45|0x0000000082d00000, 0x0000000082e00000, 0x0000000082e00000|100%| O|  |TAMS 0x0000000082e00000| PB 0x0000000082d00000| Untracked 
|  46|0x0000000082e00000, 0x0000000082f00000, 0x0000000082f00000|100%| O|  |TAMS 0x0000000082f00000| PB 0x0000000082e00000| Untracked 
|  47|0x0000000082f00000, 0x0000000083000000, 0x0000000083000000|100%| O|  |TAMS 0x0000000083000000| PB 0x0000000082f00000| Untracked 
|  48|0x0000000083000000, 0x0000000083100000, 0x0000000083100000|100%| O|  |TAMS 0x0000000083100000| PB 0x0000000083000000| Untracked 
|  49|0x0000000083100000, 0x0000000083200000, 0x0000000083200000|100%| O|  |TAMS 0x0000000083200000| PB 0x0000000083100000| Untracked 
|  50|0x0000000083200000, 0x0000000083300000, 0x0000000083300000|100%| O|  |TAMS 0x0000000083300000| PB 0x0000000083200000| Untracked 
|  51|0x0000000083300000, 0x0000000083400000, 0x0000000083400000|100%| O|  |TAMS 0x0000000083400000| PB 0x0000000083300000| Untracked 
|  52|0x0000000083400000, 0x0000000083500000, 0x0000000083500000|100%| O|  |TAMS 0x0000000083500000| PB 0x0000000083400000| Untracked 
|  53|0x0000000083500000, 0x0000000083600000, 0x0000000083600000|100%| O|  |TAMS 0x0000000083600000| PB 0x0000000083500000| Untracked 
|  54|0x0000000083600000, 0x0000000083700000, 0x0000000083700000|100%| O|  |TAMS 0x0000000083700000| PB 0x0000000083600000| Untracked 
|  55|0x0000000083700000, 0x0000000083800000, 0x0000000083800000|100%| O|  |TAMS 0x0000000083800000| PB 0x0000000083700000| Untracked 
|  56|0x0000000083800000, 0x0000000083900000, 0x0000000083900000|100%|HS|  |TAMS 0x0000000083900000| PB 0x0000000083800000| Complete 
|  57|0x0000000083900000, 0x0000000083a00000, 0x0000000083a00000|100%| O|  |TAMS 0x0000000083a00000| PB 0x0000000083900000| Untracked 
|  58|0x0000000083a00000, 0x0000000083b00000, 0x0000000083b00000|100%| O|  |TAMS 0x0000000083a00000| PB 0x0000000083a00000| Untracked 
|  59|0x0000000083b00000, 0x0000000083c00000, 0x0000000083c00000|100%| O|  |TAMS 0x0000000083c00000| PB 0x0000000083b00000| Untracked 
|  60|0x0000000083c00000, 0x0000000083d00000, 0x0000000083d00000|100%| O|  |TAMS 0x0000000083d00000| PB 0x0000000083c00000| Untracked 
|  61|0x0000000083d00000, 0x0000000083e00000, 0x0000000083e00000|100%| O|  |TAMS 0x0000000083e00000| PB 0x0000000083d00000| Untracked 
|  62|0x0000000083e00000, 0x0000000083f00000, 0x0000000083f00000|100%| O|  |TAMS 0x0000000083f00000| PB 0x0000000083e00000| Untracked 
|  63|0x0000000083f00000, 0x0000000084000000, 0x0000000084000000|100%| O|  |TAMS 0x0000000084000000| PB 0x0000000083f00000| Untracked 
|  64|0x0000000084000000, 0x0000000084100000, 0x0000000084100000|100%| O|  |TAMS 0x0000000084100000| PB 0x0000000084000000| Untracked 
|  65|0x0000000084100000, 0x0000000084200000, 0x0000000084200000|100%| O|  |TAMS 0x0000000084200000| PB 0x0000000084100000| Untracked 
|  66|0x0000000084200000, 0x0000000084300000, 0x0000000084300000|100%| O|  |TAMS 0x0000000084300000| PB 0x0000000084200000| Untracked 
|  67|0x0000000084300000, 0x0000000084400000, 0x0000000084400000|100%| O|  |TAMS 0x0000000084400000| PB 0x0000000084300000| Untracked 
|  68|0x0000000084400000, 0x0000000084500000, 0x0000000084500000|100%| O|  |TAMS 0x0000000084500000| PB 0x0000000084400000| Untracked 
|  69|0x0000000084500000, 0x0000000084600000, 0x0000000084600000|100%| O|  |TAMS 0x0000000084600000| PB 0x0000000084500000| Untracked 
|  70|0x0000000084600000, 0x0000000084700000, 0x0000000084700000|100%| O|  |TAMS 0x0000000084700000| PB 0x0000000084600000| Untracked 
|  71|0x0000000084700000, 0x0000000084800000, 0x0000000084800000|100%| O|  |TAMS 0x0000000084800000| PB 0x0000000084700000| Untracked 
|  72|0x0000000084800000, 0x0000000084900000, 0x0000000084900000|100%| O|  |TAMS 0x0000000084900000| PB 0x0000000084800000| Untracked 
|  73|0x0000000084900000, 0x0000000084a00000, 0x0000000084a00000|100%| O|  |TAMS 0x0000000084a00000| PB 0x0000000084900000| Untracked 
|  74|0x0000000084a00000, 0x0000000084b00000, 0x0000000084b00000|100%| O|  |TAMS 0x0000000084b00000| PB 0x0000000084a00000| Untracked 
|  75|0x0000000084b00000, 0x0000000084c00000, 0x0000000084c00000|100%| O|  |TAMS 0x0000000084c00000| PB 0x0000000084b00000| Untracked 
|  76|0x0000000084c00000, 0x0000000084d00000, 0x0000000084d00000|100%| O|  |TAMS 0x0000000084d00000| PB 0x0000000084c00000| Untracked 
|  77|0x0000000084d00000, 0x0000000084e00000, 0x0000000084e00000|100%| O|  |TAMS 0x0000000084e00000| PB 0x0000000084d00000| Untracked 
|  78|0x0000000084e00000, 0x0000000084f00000, 0x0000000084f00000|100%| O|  |TAMS 0x0000000084f00000| PB 0x0000000084e00000| Untracked 
|  79|0x0000000084f00000, 0x0000000085000000, 0x0000000085000000|100%| O|  |TAMS 0x0000000085000000| PB 0x0000000084f00000| Untracked 
|  80|0x0000000085000000, 0x0000000085100000, 0x0000000085100000|100%| O|  |TAMS 0x0000000085100000| PB 0x0000000085000000| Untracked 
|  81|0x0000000085100000, 0x0000000085200000, 0x0000000085200000|100%| O|  |TAMS 0x0000000085200000| PB 0x0000000085100000| Untracked 
|  82|0x0000000085200000, 0x0000000085300000, 0x0000000085300000|100%| O|  |TAMS 0x0000000085300000| PB 0x0000000085200000| Untracked 
|  83|0x0000000085300000, 0x0000000085400000, 0x0000000085400000|100%| O|  |TAMS 0x0000000085400000| PB 0x0000000085300000| Untracked 
|  84|0x0000000085400000, 0x0000000085500000, 0x0000000085500000|100%| O|  |TAMS 0x0000000085500000| PB 0x0000000085400000| Untracked 
|  85|0x0000000085500000, 0x0000000085600000, 0x0000000085600000|100%| O|  |TAMS 0x0000000085600000| PB 0x0000000085500000| Untracked 
|  86|0x0000000085600000, 0x0000000085700000, 0x0000000085700000|100%| O|  |TAMS 0x0000000085700000| PB 0x0000000085600000| Untracked 
|  87|0x0000000085700000, 0x0000000085800000, 0x0000000085800000|100%| O|  |TAMS 0x0000000085800000| PB 0x0000000085700000| Untracked 
|  88|0x0000000085800000, 0x0000000085900000, 0x0000000085900000|100%| O|  |TAMS 0x0000000085900000| PB 0x0000000085800000| Untracked 
|  89|0x0000000085900000, 0x0000000085a00000, 0x0000000085a00000|100%| O|  |TAMS 0x0000000085a00000| PB 0x0000000085900000| Untracked 
|  90|0x0000000085a00000, 0x0000000085b00000, 0x0000000085b00000|100%| O|  |TAMS 0x0000000085b00000| PB 0x0000000085a00000| Untracked 
|  91|0x0000000085b00000, 0x0000000085c00000, 0x0000000085c00000|100%| O|  |TAMS 0x0000000085c00000| PB 0x0000000085b00000| Untracked 
|  92|0x0000000085c00000, 0x0000000085d00000, 0x0000000085d00000|100%| O|  |TAMS 0x0000000085d00000| PB 0x0000000085c00000| Untracked 
|  93|0x0000000085d00000, 0x0000000085e00000, 0x0000000085e00000|100%| O|  |TAMS 0x0000000085e00000| PB 0x0000000085d00000| Untracked 
|  94|0x0000000085e00000, 0x0000000085f00000, 0x0000000085f00000|100%| O|  |TAMS 0x0000000085f00000| PB 0x0000000085e00000| Untracked 
|  95|0x0000000085f00000, 0x0000000086000000, 0x0000000086000000|100%| O|  |TAMS 0x0000000086000000| PB 0x0000000085f00000| Untracked 
|  96|0x0000000086000000, 0x0000000086100000, 0x0000000086100000|100%| O|  |TAMS 0x0000000086100000| PB 0x0000000086000000| Untracked 
|  97|0x0000000086100000, 0x0000000086200000, 0x0000000086200000|100%| O|  |TAMS 0x0000000086200000| PB 0x0000000086100000| Untracked 
|  98|0x0000000086200000, 0x0000000086300000, 0x0000000086300000|100%| O|  |TAMS 0x0000000086300000| PB 0x0000000086200000| Untracked 
|  99|0x0000000086300000, 0x0000000086400000, 0x0000000086400000|100%| O|  |TAMS 0x0000000086400000| PB 0x0000000086300000| Untracked 
| 100|0x0000000086400000, 0x0000000086500000, 0x0000000086500000|100%| O|  |TAMS 0x0000000086500000| PB 0x0000000086400000| Untracked 
| 101|0x0000000086500000, 0x0000000086600000, 0x0000000086600000|100%| O|  |TAMS 0x0000000086600000| PB 0x0000000086500000| Untracked 
| 102|0x0000000086600000, 0x0000000086700000, 0x0000000086700000|100%| O|  |TAMS 0x0000000086700000| PB 0x0000000086600000| Untracked 
| 103|0x0000000086700000, 0x0000000086800000, 0x0000000086800000|100%| O|  |TAMS 0x0000000086800000| PB 0x0000000086700000| Untracked 
| 104|0x0000000086800000, 0x0000000086900000, 0x0000000086900000|100%| O|  |TAMS 0x0000000086900000| PB 0x0000000086800000| Untracked 
| 105|0x0000000086900000, 0x0000000086a00000, 0x0000000086a00000|100%| O|  |TAMS 0x0000000086a00000| PB 0x0000000086900000| Untracked 
| 106|0x0000000086a00000, 0x0000000086b00000, 0x0000000086b00000|100%| O|  |TAMS 0x0000000086b00000| PB 0x0000000086a00000| Untracked 
| 107|0x0000000086b00000, 0x0000000086c00000, 0x0000000086c00000|100%| O|  |TAMS 0x0000000086c00000| PB 0x0000000086b00000| Untracked 
| 108|0x0000000086c00000, 0x0000000086d00000, 0x0000000086d00000|100%| O|  |TAMS 0x0000000086d00000| PB 0x0000000086c00000| Untracked 
| 109|0x0000000086d00000, 0x0000000086e00000, 0x0000000086e00000|100%| O|  |TAMS 0x0000000086e00000| PB 0x0000000086d00000| Untracked 
| 110|0x0000000086e00000, 0x0000000086f00000, 0x0000000086f00000|100%| O|  |TAMS 0x0000000086f00000| PB 0x0000000086e00000| Untracked 
| 111|0x0000000086f00000, 0x0000000087000000, 0x0000000087000000|100%| O|  |TAMS 0x0000000087000000| PB 0x0000000086f00000| Untracked 
| 112|0x0000000087000000, 0x0000000087100000, 0x0000000087100000|100%| O|  |TAMS 0x0000000087100000| PB 0x0000000087000000| Untracked 
| 113|0x0000000087100000, 0x0000000087200000, 0x0000000087200000|100%| O|  |TAMS 0x0000000087200000| PB 0x0000000087100000| Untracked 
| 114|0x0000000087200000, 0x0000000087300000, 0x0000000087300000|100%| O|  |TAMS 0x0000000087300000| PB 0x0000000087200000| Untracked 
| 115|0x0000000087300000, 0x0000000087400000, 0x0000000087400000|100%| O|  |TAMS 0x0000000087400000| PB 0x0000000087300000| Untracked 
| 116|0x0000000087400000, 0x0000000087500000, 0x0000000087500000|100%| O|  |TAMS 0x0000000087500000| PB 0x0000000087400000| Untracked 
| 117|0x0000000087500000, 0x0000000087600000, 0x0000000087600000|100%| O|  |TAMS 0x0000000087600000| PB 0x0000000087500000| Untracked 
| 118|0x0000000087600000, 0x0000000087700000, 0x0000000087700000|100%| O|  |TAMS 0x0000000087700000| PB 0x0000000087600000| Untracked 
| 119|0x0000000087700000, 0x0000000087800000, 0x0000000087800000|100%| O|  |TAMS 0x0000000087800000| PB 0x0000000087700000| Untracked 
| 120|0x0000000087800000, 0x0000000087900000, 0x0000000087900000|100%| O|  |TAMS 0x0000000087900000| PB 0x0000000087800000| Untracked 
| 121|0x0000000087900000, 0x0000000087a00000, 0x0000000087a00000|100%| O|  |TAMS 0x0000000087a00000| PB 0x0000000087900000| Untracked 
| 122|0x0000000087a00000, 0x0000000087b00000, 0x0000000087b00000|100%| O|  |TAMS 0x0000000087b00000| PB 0x0000000087a00000| Untracked 
| 123|0x0000000087b00000, 0x0000000087c00000, 0x0000000087c00000|100%| O|  |TAMS 0x0000000087c00000| PB 0x0000000087b00000| Untracked 
| 124|0x0000000087c00000, 0x0000000087d00000, 0x0000000087d00000|100%| O|  |TAMS 0x0000000087d00000| PB 0x0000000087c00000| Untracked 
| 125|0x0000000087d00000, 0x0000000087e00000, 0x0000000087e00000|100%| O|  |TAMS 0x0000000087e00000| PB 0x0000000087d00000| Untracked 
| 126|0x0000000087e00000, 0x0000000087f00000, 0x0000000087f00000|100%| O|  |TAMS 0x0000000087f00000| PB 0x0000000087e00000| Untracked 
| 127|0x0000000087f00000, 0x0000000088000000, 0x0000000088000000|100%| O|  |TAMS 0x0000000088000000| PB 0x0000000087f00000| Untracked 
| 128|0x0000000088000000, 0x0000000088100000, 0x0000000088100000|100%| O|  |TAMS 0x0000000088100000| PB 0x0000000088000000| Untracked 
| 129|0x0000000088100000, 0x0000000088200000, 0x0000000088200000|100%| O|  |TAMS 0x0000000088200000| PB 0x0000000088100000| Untracked 
| 130|0x0000000088200000, 0x0000000088300000, 0x0000000088300000|100%| O|  |TAMS 0x0000000088300000| PB 0x0000000088200000| Untracked 
| 131|0x0000000088300000, 0x0000000088400000, 0x0000000088400000|100%| O|  |TAMS 0x0000000088400000| PB 0x0000000088300000| Untracked 
| 132|0x0000000088400000, 0x0000000088500000, 0x0000000088500000|100%| O|  |TAMS 0x0000000088500000| PB 0x0000000088400000| Untracked 
| 133|0x0000000088500000, 0x0000000088600000, 0x0000000088600000|100%| O|  |TAMS 0x0000000088600000| PB 0x0000000088500000| Untracked 
| 134|0x0000000088600000, 0x0000000088700000, 0x0000000088700000|100%| O|  |TAMS 0x0000000088700000| PB 0x0000000088600000| Untracked 
| 135|0x0000000088700000, 0x0000000088800000, 0x0000000088800000|100%| O|  |TAMS 0x0000000088700000| PB 0x0000000088700000| Untracked 
| 136|0x0000000088800000, 0x0000000088900000, 0x0000000088900000|100%| O|  |TAMS 0x0000000088900000| PB 0x0000000088800000| Untracked 
| 137|0x0000000088900000, 0x0000000088a00000, 0x0000000088a00000|100%| O|  |TAMS 0x0000000088a00000| PB 0x0000000088900000| Untracked 
| 138|0x0000000088a00000, 0x0000000088b00000, 0x0000000088b00000|100%| O|  |TAMS 0x0000000088b00000| PB 0x0000000088a00000| Untracked 
| 139|0x0000000088b00000, 0x0000000088c00000, 0x0000000088c00000|100%| O|  |TAMS 0x0000000088c00000| PB 0x0000000088b00000| Untracked 
| 140|0x0000000088c00000, 0x0000000088d00000, 0x0000000088d00000|100%| O|  |TAMS 0x0000000088d00000| PB 0x0000000088c00000| Untracked 
| 141|0x0000000088d00000, 0x0000000088e00000, 0x0000000088e00000|100%| O|  |TAMS 0x0000000088e00000| PB 0x0000000088d00000| Untracked 
| 142|0x0000000088e00000, 0x0000000088f00000, 0x0000000088f00000|100%| O|  |TAMS 0x0000000088f00000| PB 0x0000000088e00000| Untracked 
| 143|0x0000000088f00000, 0x0000000089000000, 0x0000000089000000|100%| O|  |TAMS 0x0000000089000000| PB 0x0000000088f00000| Untracked 
| 144|0x0000000089000000, 0x0000000089100000, 0x0000000089100000|100%| O|  |TAMS 0x0000000089100000| PB 0x0000000089000000| Untracked 
| 145|0x0000000089100000, 0x0000000089200000, 0x0000000089200000|100%| O|  |TAMS 0x0000000089200000| PB 0x0000000089100000| Untracked 
| 146|0x0000000089200000, 0x0000000089300000, 0x0000000089300000|100%| O|  |TAMS 0x0000000089200000| PB 0x0000000089200000| Untracked 
| 147|0x0000000089300000, 0x0000000089400000, 0x0000000089400000|100%| O|  |TAMS 0x0000000089400000| PB 0x0000000089300000| Untracked 
| 148|0x0000000089400000, 0x0000000089500000, 0x0000000089500000|100%| O|  |TAMS 0x0000000089500000| PB 0x0000000089400000| Untracked 
| 149|0x0000000089500000, 0x0000000089600000, 0x0000000089600000|100%| O|  |TAMS 0x0000000089600000| PB 0x0000000089500000| Untracked 
| 150|0x0000000089600000, 0x0000000089700000, 0x0000000089700000|100%| O|  |TAMS 0x0000000089700000| PB 0x0000000089600000| Untracked 
| 151|0x0000000089700000, 0x0000000089800000, 0x0000000089800000|100%| O|  |TAMS 0x0000000089800000| PB 0x0000000089700000| Untracked 
| 152|0x0000000089800000, 0x0000000089900000, 0x0000000089900000|100%| O|  |TAMS 0x0000000089900000| PB 0x0000000089800000| Untracked 
| 153|0x0000000089900000, 0x0000000089a00000, 0x0000000089a00000|100%| O|  |TAMS 0x0000000089a00000| PB 0x0000000089900000| Untracked 
| 154|0x0000000089a00000, 0x0000000089b00000, 0x0000000089b00000|100%| O|  |TAMS 0x0000000089b00000| PB 0x0000000089a00000| Untracked 
| 155|0x0000000089b00000, 0x0000000089c00000, 0x0000000089c00000|100%| O|  |TAMS 0x0000000089b00000| PB 0x0000000089b00000| Untracked 
| 156|0x0000000089c00000, 0x0000000089d00000, 0x0000000089d00000|100%| O|  |TAMS 0x0000000089d00000| PB 0x0000000089c00000| Untracked 
| 157|0x0000000089d00000, 0x0000000089e00000, 0x0000000089e00000|100%|HS|  |TAMS 0x0000000089e00000| PB 0x0000000089d00000| Complete 
| 158|0x0000000089e00000, 0x0000000089f00000, 0x0000000089f00000|100%|HC|  |TAMS 0x0000000089f00000| PB 0x0000000089e00000| Complete 
| 159|0x0000000089f00000, 0x000000008a000000, 0x000000008a000000|100%|HC|  |TAMS 0x000000008a000000| PB 0x0000000089f00000| Complete 
| 160|0x000000008a000000, 0x000000008a100000, 0x000000008a100000|100%|HC|  |TAMS 0x000000008a100000| PB 0x000000008a000000| Complete 
| 161|0x000000008a100000, 0x000000008a200000, 0x000000008a200000|100%| O|  |TAMS 0x000000008a200000| PB 0x000000008a100000| Untracked 
| 162|0x000000008a200000, 0x000000008a300000, 0x000000008a300000|100%| O|  |TAMS 0x000000008a300000| PB 0x000000008a200000| Untracked 
| 163|0x000000008a300000, 0x000000008a400000, 0x000000008a400000|100%| O|  |TAMS 0x000000008a400000| PB 0x000000008a300000| Untracked 
| 164|0x000000008a400000, 0x000000008a500000, 0x000000008a500000|100%| O|  |TAMS 0x000000008a500000| PB 0x000000008a400000| Untracked 
| 165|0x000000008a500000, 0x000000008a600000, 0x000000008a600000|100%| O|  |TAMS 0x000000008a600000| PB 0x000000008a500000| Untracked 
| 166|0x000000008a600000, 0x000000008a700000, 0x000000008a700000|100%| O|  |TAMS 0x000000008a700000| PB 0x000000008a600000| Untracked 
| 167|0x000000008a700000, 0x000000008a800000, 0x000000008a800000|100%| O|  |TAMS 0x000000008a800000| PB 0x000000008a700000| Untracked 
| 168|0x000000008a800000, 0x000000008a900000, 0x000000008a900000|100%| O|  |TAMS 0x000000008a900000| PB 0x000000008a800000| Untracked 
| 169|0x000000008a900000, 0x000000008aa00000, 0x000000008aa00000|100%| O|  |TAMS 0x000000008aa00000| PB 0x000000008a900000| Untracked 
| 170|0x000000008aa00000, 0x000000008ab00000, 0x000000008ab00000|100%| O|  |TAMS 0x000000008ab00000| PB 0x000000008aa00000| Untracked 
| 171|0x000000008ab00000, 0x000000008ac00000, 0x000000008ac00000|100%| O|  |TAMS 0x000000008ac00000| PB 0x000000008ab00000| Untracked 
| 172|0x000000008ac00000, 0x000000008ad00000, 0x000000008ad00000|100%| O|  |TAMS 0x000000008ad00000| PB 0x000000008ac00000| Untracked 
| 173|0x000000008ad00000, 0x000000008ae00000, 0x000000008ae00000|100%| O|  |TAMS 0x000000008ae00000| PB 0x000000008ad00000| Untracked 
| 174|0x000000008ae00000, 0x000000008af00000, 0x000000008af00000|100%| O|  |TAMS 0x000000008af00000| PB 0x000000008ae00000| Untracked 
| 175|0x000000008af00000, 0x000000008b000000, 0x000000008b000000|100%| O|  |TAMS 0x000000008b000000| PB 0x000000008af00000| Untracked 
| 176|0x000000008b000000, 0x000000008b100000, 0x000000008b100000|100%| O|  |TAMS 0x000000008b100000| PB 0x000000008b000000| Untracked 
| 177|0x000000008b100000, 0x000000008b200000, 0x000000008b200000|100%| O|  |TAMS 0x000000008b200000| PB 0x000000008b100000| Untracked 
| 178|0x000000008b200000, 0x000000008b300000, 0x000000008b300000|100%| O|  |TAMS 0x000000008b300000| PB 0x000000008b200000| Untracked 
| 179|0x000000008b300000, 0x000000008b400000, 0x000000008b400000|100%| O|  |TAMS 0x000000008b400000| PB 0x000000008b300000| Untracked 
| 180|0x000000008b400000, 0x000000008b500000, 0x000000008b500000|100%| O|  |TAMS 0x000000008b500000| PB 0x000000008b400000| Untracked 
| 181|0x000000008b500000, 0x000000008b600000, 0x000000008b600000|100%| O|  |TAMS 0x000000008b600000| PB 0x000000008b500000| Untracked 
| 182|0x000000008b600000, 0x000000008b700000, 0x000000008b700000|100%| O|  |TAMS 0x000000008b700000| PB 0x000000008b600000| Untracked 
| 183|0x000000008b700000, 0x000000008b800000, 0x000000008b800000|100%| O|  |TAMS 0x000000008b800000| PB 0x000000008b700000| Untracked 
| 184|0x000000008b800000, 0x000000008b900000, 0x000000008b900000|100%| O|  |TAMS 0x000000008b900000| PB 0x000000008b800000| Untracked 
| 185|0x000000008b900000, 0x000000008ba00000, 0x000000008ba00000|100%| O|  |TAMS 0x000000008ba00000| PB 0x000000008b900000| Untracked 
| 186|0x000000008ba00000, 0x000000008bb00000, 0x000000008bb00000|100%| O|  |TAMS 0x000000008bb00000| PB 0x000000008ba00000| Untracked 
| 187|0x000000008bb00000, 0x000000008bc00000, 0x000000008bc00000|100%| O|  |TAMS 0x000000008bc00000| PB 0x000000008bb00000| Untracked 
| 188|0x000000008bc00000, 0x000000008bd00000, 0x000000008bd00000|100%| O|  |TAMS 0x000000008bd00000| PB 0x000000008bc00000| Untracked 
| 189|0x000000008bd00000, 0x000000008be00000, 0x000000008be00000|100%| O|  |TAMS 0x000000008be00000| PB 0x000000008bd00000| Untracked 
| 190|0x000000008be00000, 0x000000008bf00000, 0x000000008bf00000|100%| O|  |TAMS 0x000000008bf00000| PB 0x000000008be00000| Untracked 
| 191|0x000000008bf00000, 0x000000008c000000, 0x000000008c000000|100%| O|  |TAMS 0x000000008c000000| PB 0x000000008bf00000| Untracked 
| 192|0x000000008c000000, 0x000000008c100000, 0x000000008c100000|100%| O|  |TAMS 0x000000008c100000| PB 0x000000008c000000| Untracked 
| 193|0x000000008c100000, 0x000000008c200000, 0x000000008c200000|100%| O|  |TAMS 0x000000008c200000| PB 0x000000008c100000| Untracked 
| 194|0x000000008c200000, 0x000000008c300000, 0x000000008c300000|100%| O|  |TAMS 0x000000008c300000| PB 0x000000008c200000| Untracked 
| 195|0x000000008c300000, 0x000000008c400000, 0x000000008c400000|100%| O|  |TAMS 0x000000008c400000| PB 0x000000008c300000| Untracked 
| 196|0x000000008c400000, 0x000000008c500000, 0x000000008c500000|100%| O|  |TAMS 0x000000008c500000| PB 0x000000008c400000| Untracked 
| 197|0x000000008c500000, 0x000000008c600000, 0x000000008c600000|100%| O|  |TAMS 0x000000008c600000| PB 0x000000008c500000| Untracked 
| 198|0x000000008c600000, 0x000000008c700000, 0x000000008c700000|100%| O|  |TAMS 0x000000008c700000| PB 0x000000008c600000| Untracked 
| 199|0x000000008c700000, 0x000000008c800000, 0x000000008c800000|100%| O|  |TAMS 0x000000008c800000| PB 0x000000008c700000| Untracked 
| 200|0x000000008c800000, 0x000000008c900000, 0x000000008c900000|100%| O|  |TAMS 0x000000008c900000| PB 0x000000008c800000| Untracked 
| 201|0x000000008c900000, 0x000000008ca00000, 0x000000008ca00000|100%| O|  |TAMS 0x000000008ca00000| PB 0x000000008c900000| Untracked 
| 202|0x000000008ca00000, 0x000000008cb00000, 0x000000008cb00000|100%| O|  |TAMS 0x000000008cb00000| PB 0x000000008ca00000| Untracked 
| 203|0x000000008cb00000, 0x000000008cc00000, 0x000000008cc00000|100%| O|  |TAMS 0x000000008cbdabb8| PB 0x000000008cb00000| Untracked 
| 204|0x000000008cc00000, 0x000000008cd00000, 0x000000008cd00000|100%| O|  |TAMS 0x000000008cc00000| PB 0x000000008cc00000| Untracked 
| 205|0x000000008cd00000, 0x000000008ce00000, 0x000000008ce00000|100%| O|  |TAMS 0x000000008cd00000| PB 0x000000008cd00000| Untracked 
| 206|0x000000008ce00000, 0x000000008cf00000, 0x000000008cf00000|100%| O|  |TAMS 0x000000008ce00000| PB 0x000000008ce00000| Untracked 
| 207|0x000000008cf00000, 0x000000008d000000, 0x000000008d000000|100%| O|  |TAMS 0x000000008cf00000| PB 0x000000008cf00000| Untracked 
| 208|0x000000008d000000, 0x000000008d100000, 0x000000008d100000|100%| O|  |TAMS 0x000000008d000000| PB 0x000000008d000000| Untracked 
| 209|0x000000008d100000, 0x000000008d200000, 0x000000008d200000|100%| O|  |TAMS 0x000000008d100000| PB 0x000000008d100000| Untracked 
| 210|0x000000008d200000, 0x000000008d300000, 0x000000008d300000|100%| O|  |TAMS 0x000000008d200000| PB 0x000000008d200000| Untracked 
| 211|0x000000008d300000, 0x000000008d400000, 0x000000008d400000|100%| O|  |TAMS 0x000000008d300000| PB 0x000000008d300000| Untracked 
| 212|0x000000008d400000, 0x000000008d500000, 0x000000008d500000|100%| O|  |TAMS 0x000000008d400000| PB 0x000000008d400000| Untracked 
| 213|0x000000008d500000, 0x000000008d600000, 0x000000008d600000|100%| O|  |TAMS 0x000000008d500000| PB 0x000000008d500000| Untracked 
| 214|0x000000008d600000, 0x000000008d700000, 0x000000008d700000|100%| O|  |TAMS 0x000000008d600000| PB 0x000000008d600000| Untracked 
| 215|0x000000008d700000, 0x000000008d700000, 0x000000008d800000|  0%| F|  |TAMS 0x000000008d700000| PB 0x000000008d700000| Untracked 
| 216|0x000000008d800000, 0x000000008d800000, 0x000000008d900000|  0%| F|  |TAMS 0x000000008d800000| PB 0x000000008d800000| Untracked 
| 217|0x000000008d900000, 0x000000008d900000, 0x000000008da00000|  0%| F|  |TAMS 0x000000008d900000| PB 0x000000008d900000| Untracked 
| 218|0x000000008da00000, 0x000000008da00000, 0x000000008db00000|  0%| F|  |TAMS 0x000000008da00000| PB 0x000000008da00000| Untracked 
| 219|0x000000008db00000, 0x000000008db00000, 0x000000008dc00000|  0%| F|  |TAMS 0x000000008db00000| PB 0x000000008db00000| Untracked 
| 220|0x000000008dc00000, 0x000000008dc00000, 0x000000008dd00000|  0%| F|  |TAMS 0x000000008dc00000| PB 0x000000008dc00000| Untracked 
| 221|0x000000008dd00000, 0x000000008dd00000, 0x000000008de00000|  0%| F|  |TAMS 0x000000008dd00000| PB 0x000000008dd00000| Untracked 
| 222|0x000000008de00000, 0x000000008de00000, 0x000000008df00000|  0%| F|  |TAMS 0x000000008de00000| PB 0x000000008de00000| Untracked 
| 223|0x000000008df00000, 0x000000008df00000, 0x000000008e000000|  0%| F|  |TAMS 0x000000008df00000| PB 0x000000008df00000| Untracked 
| 224|0x000000008e000000, 0x000000008e000000, 0x000000008e100000|  0%| F|  |TAMS 0x000000008e000000| PB 0x000000008e000000| Untracked 
| 225|0x000000008e100000, 0x000000008e100000, 0x000000008e200000|  0%| F|  |TAMS 0x000000008e100000| PB 0x000000008e100000| Untracked 
| 226|0x000000008e200000, 0x000000008e200000, 0x000000008e300000|  0%| F|  |TAMS 0x000000008e200000| PB 0x000000008e200000| Untracked 
| 227|0x000000008e300000, 0x000000008e300000, 0x000000008e400000|  0%| F|  |TAMS 0x000000008e300000| PB 0x000000008e300000| Untracked 
| 228|0x000000008e400000, 0x000000008e400000, 0x000000008e500000|  0%| F|  |TAMS 0x000000008e400000| PB 0x000000008e400000| Untracked 
| 229|0x000000008e500000, 0x000000008e500000, 0x000000008e600000|  0%| F|  |TAMS 0x000000008e500000| PB 0x000000008e500000| Untracked 
| 230|0x000000008e600000, 0x000000008e600000, 0x000000008e700000|  0%| F|  |TAMS 0x000000008e600000| PB 0x000000008e600000| Untracked 
| 231|0x000000008e700000, 0x000000008e700000, 0x000000008e800000|  0%| F|  |TAMS 0x000000008e700000| PB 0x000000008e700000| Untracked 
| 232|0x000000008e800000, 0x000000008e800000, 0x000000008e900000|  0%| F|  |TAMS 0x000000008e800000| PB 0x000000008e800000| Untracked 
| 233|0x000000008e900000, 0x000000008e900000, 0x000000008ea00000|  0%| F|  |TAMS 0x000000008e900000| PB 0x000000008e900000| Untracked 
| 234|0x000000008ea00000, 0x000000008ea00000, 0x000000008eb00000|  0%| F|  |TAMS 0x000000008ea00000| PB 0x000000008ea00000| Untracked 
| 235|0x000000008eb00000, 0x000000008eb00000, 0x000000008ec00000|  0%| F|  |TAMS 0x000000008eb00000| PB 0x000000008eb00000| Untracked 
| 236|0x000000008ec00000, 0x000000008ec00000, 0x000000008ed00000|  0%| F|  |TAMS 0x000000008ec00000| PB 0x000000008ec00000| Untracked 
| 237|0x000000008ed00000, 0x000000008ed00000, 0x000000008ee00000|  0%| F|  |TAMS 0x000000008ed00000| PB 0x000000008ed00000| Untracked 
| 238|0x000000008ee00000, 0x000000008ee00000, 0x000000008ef00000|  0%| F|  |TAMS 0x000000008ee00000| PB 0x000000008ee00000| Untracked 
| 239|0x000000008ef00000, 0x000000008f000000, 0x000000008f000000|100%| S|CS|TAMS 0x000000008ef00000| PB 0x000000008ef00000| Complete 
| 240|0x000000008f000000, 0x000000008f100000, 0x000000008f100000|100%| S|CS|TAMS 0x000000008f000000| PB 0x000000008f000000| Complete 
| 241|0x000000008f100000, 0x000000008f200000, 0x000000008f200000|100%| S|CS|TAMS 0x000000008f100000| PB 0x000000008f100000| Complete 
| 242|0x000000008f200000, 0x000000008f300000, 0x000000008f300000|100%| S|CS|TAMS 0x000000008f200000| PB 0x000000008f200000| Complete 
| 243|0x000000008f300000, 0x000000008f400000, 0x000000008f400000|100%| S|CS|TAMS 0x000000008f300000| PB 0x000000008f300000| Complete 
| 244|0x000000008f400000, 0x000000008f500000, 0x000000008f500000|100%| S|CS|TAMS 0x000000008f400000| PB 0x000000008f400000| Complete 
| 245|0x000000008f500000, 0x000000008f600000, 0x000000008f600000|100%| S|CS|TAMS 0x000000008f500000| PB 0x000000008f500000| Complete 
| 246|0x000000008f600000, 0x000000008f700000, 0x000000008f700000|100%| S|CS|TAMS 0x000000008f600000| PB 0x000000008f600000| Complete 
| 247|0x000000008f700000, 0x000000008f800000, 0x000000008f800000|100%| S|CS|TAMS 0x000000008f700000| PB 0x000000008f700000| Complete 
| 248|0x000000008f800000, 0x000000008f900000, 0x000000008f900000|100%| S|CS|TAMS 0x000000008f800000| PB 0x000000008f800000| Complete 
| 249|0x000000008f900000, 0x000000008f900000, 0x000000008fa00000|  0%| F|  |TAMS 0x000000008f900000| PB 0x000000008f900000| Untracked 
| 250|0x000000008fa00000, 0x000000008fa00000, 0x000000008fb00000|  0%| F|  |TAMS 0x000000008fa00000| PB 0x000000008fa00000| Untracked 
| 251|0x000000008fb00000, 0x000000008fb00000, 0x000000008fc00000|  0%| F|  |TAMS 0x000000008fb00000| PB 0x000000008fb00000| Untracked 
| 252|0x000000008fc00000, 0x000000008fc00000, 0x000000008fd00000|  0%| F|  |TAMS 0x000000008fc00000| PB 0x000000008fc00000| Untracked 
| 253|0x000000008fd00000, 0x000000008fd00000, 0x000000008fe00000|  0%| F|  |TAMS 0x000000008fd00000| PB 0x000000008fd00000| Untracked 
| 254|0x000000008fe00000, 0x000000008fe00000, 0x000000008ff00000|  0%| F|  |TAMS 0x000000008fe00000| PB 0x000000008fe00000| Untracked 
| 255|0x000000008ff00000, 0x000000008ff00000, 0x0000000090000000|  0%| F|  |TAMS 0x000000008ff00000| PB 0x000000008ff00000| Untracked 
| 256|0x0000000090000000, 0x0000000090000000, 0x0000000090100000|  0%| F|  |TAMS 0x0000000090000000| PB 0x0000000090000000| Untracked 
| 257|0x0000000090100000, 0x0000000090100000, 0x0000000090200000|  0%| F|  |TAMS 0x0000000090100000| PB 0x0000000090100000| Untracked 
| 258|0x0000000090200000, 0x0000000090200000, 0x0000000090300000|  0%| F|  |TAMS 0x0000000090200000| PB 0x0000000090200000| Untracked 
| 259|0x0000000090300000, 0x0000000090300000, 0x0000000090400000|  0%| F|  |TAMS 0x0000000090300000| PB 0x0000000090300000| Untracked 
| 260|0x0000000090400000, 0x0000000090400000, 0x0000000090500000|  0%| F|  |TAMS 0x0000000090400000| PB 0x0000000090400000| Untracked 
| 261|0x0000000090500000, 0x0000000090500000, 0x0000000090600000|  0%| F|  |TAMS 0x0000000090500000| PB 0x0000000090500000| Untracked 
| 262|0x0000000090600000, 0x0000000090600000, 0x0000000090700000|  0%| F|  |TAMS 0x0000000090600000| PB 0x0000000090600000| Untracked 
| 263|0x0000000090700000, 0x0000000090700000, 0x0000000090800000|  0%| F|  |TAMS 0x0000000090700000| PB 0x0000000090700000| Untracked 
| 264|0x0000000090800000, 0x0000000090800000, 0x0000000090900000|  0%| F|  |TAMS 0x0000000090800000| PB 0x0000000090800000| Untracked 
| 265|0x0000000090900000, 0x0000000090900000, 0x0000000090a00000|  0%| F|  |TAMS 0x0000000090900000| PB 0x0000000090900000| Untracked 
| 266|0x0000000090a00000, 0x0000000090a00000, 0x0000000090b00000|  0%| F|  |TAMS 0x0000000090a00000| PB 0x0000000090a00000| Untracked 
| 267|0x0000000090b00000, 0x0000000090b00000, 0x0000000090c00000|  0%| F|  |TAMS 0x0000000090b00000| PB 0x0000000090b00000| Untracked 
| 268|0x0000000090c00000, 0x0000000090c00000, 0x0000000090d00000|  0%| F|  |TAMS 0x0000000090c00000| PB 0x0000000090c00000| Untracked 
| 269|0x0000000090d00000, 0x0000000090d00000, 0x0000000090e00000|  0%| F|  |TAMS 0x0000000090d00000| PB 0x0000000090d00000| Untracked 
| 270|0x0000000090e00000, 0x0000000090e00000, 0x0000000090f00000|  0%| F|  |TAMS 0x0000000090e00000| PB 0x0000000090e00000| Untracked 
| 271|0x0000000090f00000, 0x0000000090f00000, 0x0000000091000000|  0%| F|  |TAMS 0x0000000090f00000| PB 0x0000000090f00000| Untracked 
| 272|0x0000000091000000, 0x0000000091000000, 0x0000000091100000|  0%| F|  |TAMS 0x0000000091000000| PB 0x0000000091000000| Untracked 
| 273|0x0000000091100000, 0x0000000091100000, 0x0000000091200000|  0%| F|  |TAMS 0x0000000091100000| PB 0x0000000091100000| Untracked 
| 274|0x0000000091200000, 0x0000000091200000, 0x0000000091300000|  0%| F|  |TAMS 0x0000000091200000| PB 0x0000000091200000| Untracked 
| 275|0x0000000091300000, 0x0000000091300000, 0x0000000091400000|  0%| F|  |TAMS 0x0000000091300000| PB 0x0000000091300000| Untracked 
| 276|0x0000000091400000, 0x0000000091400000, 0x0000000091500000|  0%| F|  |TAMS 0x0000000091400000| PB 0x0000000091400000| Untracked 
| 277|0x0000000091500000, 0x0000000091500000, 0x0000000091600000|  0%| F|  |TAMS 0x0000000091500000| PB 0x0000000091500000| Untracked 
| 278|0x0000000091600000, 0x0000000091600000, 0x0000000091700000|  0%| F|  |TAMS 0x0000000091600000| PB 0x0000000091600000| Untracked 
| 279|0x0000000091700000, 0x0000000091700000, 0x0000000091800000|  0%| F|  |TAMS 0x0000000091700000| PB 0x0000000091700000| Untracked 
| 280|0x0000000091800000, 0x0000000091800000, 0x0000000091900000|  0%| F|  |TAMS 0x0000000091800000| PB 0x0000000091800000| Untracked 
| 281|0x0000000091900000, 0x0000000091900000, 0x0000000091a00000|  0%| F|  |TAMS 0x0000000091900000| PB 0x0000000091900000| Untracked 
| 282|0x0000000091a00000, 0x0000000091a00000, 0x0000000091b00000|  0%| F|  |TAMS 0x0000000091a00000| PB 0x0000000091a00000| Untracked 
| 283|0x0000000091b00000, 0x0000000091b00000, 0x0000000091c00000|  0%| F|  |TAMS 0x0000000091b00000| PB 0x0000000091b00000| Untracked 
| 284|0x0000000091c00000, 0x0000000091c00000, 0x0000000091d00000|  0%| F|  |TAMS 0x0000000091c00000| PB 0x0000000091c00000| Untracked 
| 285|0x0000000091d00000, 0x0000000091d00000, 0x0000000091e00000|  0%| F|  |TAMS 0x0000000091d00000| PB 0x0000000091d00000| Untracked 
| 286|0x0000000091e00000, 0x0000000091e00000, 0x0000000091f00000|  0%| F|  |TAMS 0x0000000091e00000| PB 0x0000000091e00000| Untracked 
| 287|0x0000000091f00000, 0x0000000091f00000, 0x0000000092000000|  0%| F|  |TAMS 0x0000000091f00000| PB 0x0000000091f00000| Untracked 
| 288|0x0000000092000000, 0x0000000092000000, 0x0000000092100000|  0%| F|  |TAMS 0x0000000092000000| PB 0x0000000092000000| Untracked 
| 289|0x0000000092100000, 0x0000000092100000, 0x0000000092200000|  0%| F|  |TAMS 0x0000000092100000| PB 0x0000000092100000| Untracked 
| 290|0x0000000092200000, 0x0000000092200000, 0x0000000092300000|  0%| F|  |TAMS 0x0000000092200000| PB 0x0000000092200000| Untracked 
| 291|0x0000000092300000, 0x0000000092300000, 0x0000000092400000|  0%| F|  |TAMS 0x0000000092300000| PB 0x0000000092300000| Untracked 
| 292|0x0000000092400000, 0x0000000092400000, 0x0000000092500000|  0%| F|  |TAMS 0x0000000092400000| PB 0x0000000092400000| Untracked 
| 293|0x0000000092500000, 0x0000000092500000, 0x0000000092600000|  0%| F|  |TAMS 0x0000000092500000| PB 0x0000000092500000| Untracked 
| 294|0x0000000092600000, 0x0000000092600000, 0x0000000092700000|  0%| F|  |TAMS 0x0000000092600000| PB 0x0000000092600000| Untracked 
| 295|0x0000000092700000, 0x0000000092700000, 0x0000000092800000|  0%| F|  |TAMS 0x0000000092700000| PB 0x0000000092700000| Untracked 
| 296|0x0000000092800000, 0x0000000092800000, 0x0000000092900000|  0%| F|  |TAMS 0x0000000092800000| PB 0x0000000092800000| Untracked 
| 297|0x0000000092900000, 0x0000000092900000, 0x0000000092a00000|  0%| F|  |TAMS 0x0000000092900000| PB 0x0000000092900000| Untracked 
| 298|0x0000000092a00000, 0x0000000092a00000, 0x0000000092b00000|  0%| F|  |TAMS 0x0000000092a00000| PB 0x0000000092a00000| Untracked 
| 299|0x0000000092b00000, 0x0000000092b00000, 0x0000000092c00000|  0%| F|  |TAMS 0x0000000092b00000| PB 0x0000000092b00000| Untracked 
| 300|0x0000000092c00000, 0x0000000092c00000, 0x0000000092d00000|  0%| F|  |TAMS 0x0000000092c00000| PB 0x0000000092c00000| Untracked 
| 301|0x0000000092d00000, 0x0000000092d00000, 0x0000000092e00000|  0%| F|  |TAMS 0x0000000092d00000| PB 0x0000000092d00000| Untracked 
| 302|0x0000000092e00000, 0x0000000092e00000, 0x0000000092f00000|  0%| F|  |TAMS 0x0000000092e00000| PB 0x0000000092e00000| Untracked 
| 303|0x0000000092f00000, 0x0000000092f00000, 0x0000000093000000|  0%| F|  |TAMS 0x0000000092f00000| PB 0x0000000092f00000| Untracked 
| 304|0x0000000093000000, 0x0000000093000000, 0x0000000093100000|  0%| F|  |TAMS 0x0000000093000000| PB 0x0000000093000000| Untracked 
| 305|0x0000000093100000, 0x0000000093100000, 0x0000000093200000|  0%| F|  |TAMS 0x0000000093100000| PB 0x0000000093100000| Untracked 
| 306|0x0000000093200000, 0x0000000093200000, 0x0000000093300000|  0%| F|  |TAMS 0x0000000093200000| PB 0x0000000093200000| Untracked 
| 307|0x0000000093300000, 0x0000000093300000, 0x0000000093400000|  0%| F|  |TAMS 0x0000000093300000| PB 0x0000000093300000| Untracked 
| 308|0x0000000093400000, 0x0000000093400000, 0x0000000093500000|  0%| F|  |TAMS 0x0000000093400000| PB 0x0000000093400000| Untracked 
| 309|0x0000000093500000, 0x0000000093500000, 0x0000000093600000|  0%| F|  |TAMS 0x0000000093500000| PB 0x0000000093500000| Untracked 
| 310|0x0000000093600000, 0x0000000093600000, 0x0000000093700000|  0%| F|  |TAMS 0x0000000093600000| PB 0x0000000093600000| Untracked 
| 311|0x0000000093700000, 0x0000000093700000, 0x0000000093800000|  0%| F|  |TAMS 0x0000000093700000| PB 0x0000000093700000| Untracked 
| 312|0x0000000093800000, 0x0000000093800000, 0x0000000093900000|  0%| F|  |TAMS 0x0000000093800000| PB 0x0000000093800000| Untracked 
| 313|0x0000000093900000, 0x0000000093900000, 0x0000000093a00000|  0%| F|  |TAMS 0x0000000093900000| PB 0x0000000093900000| Untracked 
|2043|0x00000000ffb00000, 0x00000000ffb00000, 0x00000000ffc00000|  0%| F|  |TAMS 0x00000000ffb00000| PB 0x00000000ffb00000| Untracked 
|2044|0x00000000ffc00000, 0x00000000ffd00000, 0x00000000ffd00000|100%| O|  |TAMS 0x00000000ffd00000| PB 0x00000000ffc00000| Untracked 
|2045|0x00000000ffd00000, 0x00000000ffe00000, 0x00000000ffe00000|100%| O|  |TAMS 0x00000000ffe00000| PB 0x00000000ffd00000| Untracked 
|2046|0x00000000ffe00000, 0x00000000fff00000, 0x00000000fff00000|100%| O|  |TAMS 0x00000000fff00000| PB 0x00000000ffe00000| Untracked 
|2047|0x00000000fff00000, 0x0000000100000000, 0x0000000100000000|100%| O|  |TAMS 0x0000000100000000| PB 0x00000000fff00000| Untracked 

Card table byte_map: [0x000002d0fd390000,0x000002d0fd790000] _byte_map_base: 0x000002d0fcf90000

Marking Bits: (CMBitMap*) 0x000002d0eb1eb490
 Bits: [0x000002d0fd790000, 0x000002d0ff790000)

Polling page: 0x000002d0e8fc0000

Metaspace:

Usage:
  Non-class:     53.60 MB used.
      Class:      6.40 MB used.
       Both:     60.00 MB used.

Virtual space:
  Non-class space:       64.00 MB reserved,      54.38 MB ( 85%) committed,  1 nodes.
      Class space:        1.00 GB reserved,       7.00 MB ( <1%) committed,  1 nodes.
             Both:        1.06 GB reserved,      61.38 MB (  6%) committed. 

Chunk freelists:
   Non-Class:  9.67 MB
       Class:  8.98 MB
        Both:  18.66 MB

MaxMetaspaceSize: unlimited
CompressedClassSpaceSize: 1.00 GB
Initial GC threshold: 21.00 MB
Current GC threshold: 102.12 MB
CDS: on
 - commit_granule_bytes: 65536.
 - commit_granule_words: 8192.
 - virtual_space_node_default_size: 8388608.
 - enlarge_chunks_in_place: 1.
 - use_allocation_guard: 0.


Internal statistics:

num_allocs_failed_limit: 6.
num_arena_births: 1030.
num_arena_deaths: 20.
num_vsnodes_births: 2.
num_vsnodes_deaths: 0.
num_space_committed: 982.
num_space_uncommitted: 0.
num_chunks_returned_to_freelist: 29.
num_chunks_taken_from_freelist: 3804.
num_chunk_merges: 7.
num_chunk_splits: 2375.
num_chunks_enlarged: 1444.
num_inconsistent_stats: 0.

CodeHeap 'non-profiled nmethods': size=120064Kb used=5695Kb max_used=5756Kb free=114368Kb
 bounds [0x000002d0f5e50000, 0x000002d0f6400000, 0x000002d0fd390000]
CodeHeap 'profiled nmethods': size=120000Kb used=14996Kb max_used=16110Kb free=105003Kb
 bounds [0x000002d0ee390000, 0x000002d0ef360000, 0x000002d0f58c0000]
CodeHeap 'non-nmethods': size=5696Kb used=1598Kb max_used=1657Kb free=4097Kb
 bounds [0x000002d0f58c0000, 0x000002d0f5b30000, 0x000002d0f5e50000]
CodeCache: size=245760Kb, used=22289Kb, max_used=23523Kb, free=223468Kb
 total_blobs=7981, nmethods=7231, adapters=655, full_count=0
Compilation: enabled, stopped_count=0, restarted_count=0

Compilation events (20 events):
Event: 178.678 Thread 0x000002d0ffb8e530 9023       3       java.util.concurrent.Executors$RunnableAdapter::call (14 bytes)
Event: 178.679 Thread 0x000002d0ffb8e530 nmethod 9023 0x000002d0ee842610 code [0x000002d0ee8427c0, 0x000002d0ee8429a8]
Event: 179.141 Thread 0x000002d0ffb8e530 9024       3       org.eclipse.jdt.internal.core.search.indexing.AbstractIndexer::addModuleExportedPackages (42 bytes)
Event: 179.142 Thread 0x000002d0ffb8e530 nmethod 9024 0x000002d0eefd1490 code [0x000002d0eefd16a0, 0x000002d0eefd1cf0]
Event: 179.769 Thread 0x000002d0ffb1b8a0 9025       4       java.util.stream.ReferencePipeline$2::opWrapSink (10 bytes)
Event: 179.772 Thread 0x000002d0ffb1b8a0 nmethod 9025 0x000002d0f63b0690 code [0x000002d0f63b0820, 0x000002d0f63b0a48]
Event: 179.772 Thread 0x000002d0ffb1b8a0 9026       4       java.util.stream.ReferencePipeline$2$1::begin (13 bytes)
Event: 179.773 Thread 0x000002d0ffb1b8a0 nmethod 9026 0x000002d0f636e510 code [0x000002d0f636e6a0, 0x000002d0f636e758]
Event: 179.895 Thread 0x000002d0ffb1b8a0 9027       4       org.eclipse.jdt.internal.compiler.classfmt.MethodInfo::decodeMethodParameters (129 bytes)
Event: 179.972 Thread 0x000002d0ffb1b8a0 nmethod 9027 0x000002d0f62da990 code [0x000002d0f62dac00, 0x000002d0f62dbc88]
Event: 180.983 Thread 0x000002d0ffb1b8a0 9028 %     4       org.eclipse.jdt.internal.compiler.util.SimpleLookupTable::rehash @ 23 (86 bytes)
Event: 180.990 Thread 0x000002d0ffb1b8a0 nmethod 9028% 0x000002d0f63afe90 code [0x000002d0f63b0060, 0x000002d0f63b0498]
Event: 182.456 Thread 0x000002d0ffb8e530 9030 % !   3       java.nio.file.Files::walkFileTree @ 19 (297 bytes)
Event: 182.463 Thread 0x000002d0ffb8e530 nmethod 9030% 0x000002d0ef00f090 code [0x000002d0ef00f500, 0x000002d0ef011650]
Event: 183.154 Thread 0x000002d0ffb8e530 9031       3       org.eclipse.jdt.internal.compiler.classfmt.ClassFileReader::decodeRecords (104 bytes)
Event: 183.155 Thread 0x000002d0ffb8e530 nmethod 9031 0x000002d0ee5daf10 code [0x000002d0ee5db120, 0x000002d0ee5db8e8]
Event: 183.549 Thread 0x000002d0ffb1b8a0 9032       4       org.eclipse.jdt.internal.compiler.classfmt.ModuleInfo::readModuleAttribute (1166 bytes)
Event: 184.089 Thread 0x000002d0ffb8e530 9033   !   3       java.nio.file.Files::walkFileTree (297 bytes)
Event: 184.092 Thread 0x000002d0ffb8e530 nmethod 9033 0x000002d0eea55c90 code [0x000002d0eea560e0, 0x000002d0eea57ee0]
Event: 184.721 Thread 0x000002d0ffb1b8a0 nmethod 9032 0x000002d0f6292490 code [0x000002d0f6292b80, 0x000002d0f629c760]

GC Heap History (20 events):
Event: 163.694 GC heap after
{Heap after GC invocations=54 (full 0):
 garbage-first heap   total 176128K, used 129024K [0x0000000080000000, 0x0000000100000000)
  region size 1024K, 5 young (5120K), 5 survivors (5120K)
 Metaspace       used 61435K, committed 62848K, reserved 1114112K
  class space    used 6553K, committed 7168K, reserved 1048576K
}
Event: 165.520 GC heap before
{Heap before GC invocations=55 (full 0):
 garbage-first heap   total 214016K, used 158720K [0x0000000080000000, 0x0000000100000000)
  region size 1024K, 35 young (35840K), 5 survivors (5120K)
 Metaspace       used 61435K, committed 62848K, reserved 1114112K
  class space    used 6553K, committed 7168K, reserved 1048576K
}
Event: 165.540 GC heap after
{Heap after GC invocations=56 (full 0):
 garbage-first heap   total 214016K, used 135168K [0x0000000080000000, 0x0000000100000000)
  region size 1024K, 5 young (5120K), 5 survivors (5120K)
 Metaspace       used 61435K, committed 62848K, reserved 1114112K
  class space    used 6553K, committed 7168K, reserved 1048576K
}
Event: 168.085 GC heap before
{Heap before GC invocations=56 (full 0):
 garbage-first heap   total 214016K, used 185344K [0x0000000080000000, 0x0000000100000000)
  region size 1024K, 54 young (55296K), 5 survivors (5120K)
 Metaspace       used 61435K, committed 62848K, reserved 1114112K
  class space    used 6553K, committed 7168K, reserved 1048576K
}
Event: 168.113 GC heap after
{Heap after GC invocations=57 (full 0):
 garbage-first heap   total 214016K, used 143360K [0x0000000080000000, 0x0000000100000000)
  region size 1024K, 7 young (7168K), 7 survivors (7168K)
 Metaspace       used 61435K, committed 62848K, reserved 1114112K
  class space    used 6553K, committed 7168K, reserved 1048576K
}
Event: 168.893 GC heap before
{Heap before GC invocations=57 (full 0):
 garbage-first heap   total 214016K, used 188416K [0x0000000080000000, 0x0000000100000000)
  region size 1024K, 51 young (52224K), 7 survivors (7168K)
 Metaspace       used 61435K, committed 62848K, reserved 1114112K
  class space    used 6553K, committed 7168K, reserved 1048576K
}
Event: 168.919 GC heap after
{Heap after GC invocations=58 (full 0):
 garbage-first heap   total 214016K, used 153088K [0x0000000080000000, 0x0000000100000000)
  region size 1024K, 7 young (7168K), 7 survivors (7168K)
 Metaspace       used 61435K, committed 62848K, reserved 1114112K
  class space    used 6553K, committed 7168K, reserved 1048576K
}
Event: 171.113 GC heap before
{Heap before GC invocations=59 (full 0):
 garbage-first heap   total 256000K, used 193024K [0x0000000080000000, 0x0000000100000000)
  region size 1024K, 46 young (47104K), 7 survivors (7168K)
 Metaspace       used 61435K, committed 62848K, reserved 1114112K
  class space    used 6553K, committed 7168K, reserved 1048576K
}
Event: 171.142 GC heap after
{Heap after GC invocations=60 (full 0):
 garbage-first heap   total 256000K, used 161792K [0x0000000080000000, 0x0000000100000000)
  region size 1024K, 6 young (6144K), 6 survivors (6144K)
 Metaspace       used 61435K, committed 62848K, reserved 1114112K
  class space    used 6553K, committed 7168K, reserved 1048576K
}
Event: 175.010 GC heap before
{Heap before GC invocations=60 (full 0):
 garbage-first heap   total 256000K, used 222208K [0x0000000080000000, 0x0000000100000000)
  region size 1024K, 65 young (66560K), 6 survivors (6144K)
 Metaspace       used 61435K, committed 62848K, reserved 1114112K
  class space    used 6553K, committed 7168K, reserved 1048576K
}
Event: 175.038 GC heap after
{Heap after GC invocations=61 (full 0):
 garbage-first heap   total 256000K, used 173568K [0x0000000080000000, 0x0000000100000000)
  region size 1024K, 9 young (9216K), 9 survivors (9216K)
 Metaspace       used 61435K, committed 62848K, reserved 1114112K
  class space    used 6553K, committed 7168K, reserved 1048576K
}
Event: 176.853 GC heap before
{Heap before GC invocations=61 (full 0):
 garbage-first heap   total 256000K, used 230912K [0x0000000080000000, 0x0000000100000000)
  region size 1024K, 61 young (62464K), 9 survivors (9216K)
 Metaspace       used 61435K, committed 62848K, reserved 1114112K
  class space    used 6553K, committed 7168K, reserved 1048576K
}
Event: 176.893 GC heap after
{Heap after GC invocations=62 (full 0):
 garbage-first heap   total 256000K, used 186880K [0x0000000080000000, 0x0000000100000000)
  region size 1024K, 8 young (8192K), 8 survivors (8192K)
 Metaspace       used 61435K, committed 62848K, reserved 1114112K
  class space    used 6553K, committed 7168K, reserved 1048576K
}
Event: 177.900 GC heap before
{Heap before GC invocations=62 (full 0):
 garbage-first heap   total 256000K, used 232960K [0x0000000080000000, 0x0000000100000000)
  region size 1024K, 53 young (54272K), 8 survivors (8192K)
 Metaspace       used 61435K, committed 62848K, reserved 1114112K
  class space    used 6553K, committed 7168K, reserved 1048576K
}
Event: 177.928 GC heap after
{Heap after GC invocations=63 (full 0):
 garbage-first heap   total 256000K, used 197120K [0x0000000080000000, 0x0000000100000000)
  region size 1024K, 7 young (7168K), 7 survivors (7168K)
 Metaspace       used 61435K, committed 62848K, reserved 1114112K
  class space    used 6553K, committed 7168K, reserved 1048576K
}
Event: 179.238 GC heap before
{Heap before GC invocations=64 (full 0):
 garbage-first heap   total 326656K, used 233984K [0x0000000080000000, 0x0000000100000000)
  region size 1024K, 45 young (46080K), 7 survivors (7168K)
 Metaspace       used 61436K, committed 62848K, reserved 1114112K
  class space    used 6553K, committed 7168K, reserved 1048576K
}
Event: 179.330 GC heap after
{Heap after GC invocations=65 (full 0):
 garbage-first heap   total 326656K, used 203776K [0x0000000080000000, 0x0000000100000000)
  region size 1024K, 6 young (6144K), 6 survivors (6144K)
 Metaspace       used 61436K, committed 62848K, reserved 1114112K
  class space    used 6553K, committed 7168K, reserved 1048576K
}
Event: 182.328 GC heap before
{Heap before GC invocations=65 (full 0):
 garbage-first heap   total 326656K, used 282624K [0x0000000080000000, 0x0000000100000000)
  region size 1024K, 83 young (84992K), 6 survivors (6144K)
 Metaspace       used 61436K, committed 62848K, reserved 1114112K
  class space    used 6553K, committed 7168K, reserved 1048576K
}
Event: 182.433 GC heap after
{Heap after GC invocations=66 (full 0):
 garbage-first heap   total 326656K, used 220010K [0x0000000080000000, 0x0000000100000000)
  region size 1024K, 11 young (11264K), 11 survivors (11264K)
 Metaspace       used 61436K, committed 62848K, reserved 1114112K
  class space    used 6553K, committed 7168K, reserved 1048576K
}
Event: 185.244 GC heap before
{Heap before GC invocations=66 (full 0):
 garbage-first heap   total 326656K, used 287594K [0x0000000080000000, 0x0000000100000000)
  region size 1024K, 77 young (78848K), 11 survivors (11264K)
 Metaspace       used 61441K, committed 62848K, reserved 1114112K
  class space    used 6553K, committed 7168K, reserved 1048576K
}

Dll operation events (20 events):
Event: 3.939 Attempting to load shared library C:\Users\WINDOWS 11\.vscode\extensions\redhat.java-1.56.0-win32-x64\jre\21.0.12.1-win32-x86_64\bin\instrument.dll
Event: 3.939 Loaded shared library C:\Users\WINDOWS 11\.vscode\extensions\redhat.java-1.56.0-win32-x64\jre\21.0.12.1-win32-x86_64\bin\instrument.dll
Event: 4.122 Attempting to load shared library C:\Users\WINDOWS 11\.vscode\extensions\redhat.java-1.56.0-win32-x64\jre\21.0.12.1-win32-x86_64\bin\net.dll
Event: 4.134 Loaded shared library C:\Users\WINDOWS 11\.vscode\extensions\redhat.java-1.56.0-win32-x64\jre\21.0.12.1-win32-x86_64\bin\net.dll
Event: 4.142 Attempting to load shared library C:\Users\WINDOWS 11\.vscode\extensions\redhat.java-1.56.0-win32-x64\jre\21.0.12.1-win32-x86_64\bin\nio.dll
Event: 4.143 Loaded shared library C:\Users\WINDOWS 11\.vscode\extensions\redhat.java-1.56.0-win32-x64\jre\21.0.12.1-win32-x86_64\bin\nio.dll
Event: 4.149 Attempting to load shared library C:\Users\WINDOWS 11\.vscode\extensions\redhat.java-1.56.0-win32-x64\jre\21.0.12.1-win32-x86_64\bin\zip.dll
Event: 4.149 Loaded shared library C:\Users\WINDOWS 11\.vscode\extensions\redhat.java-1.56.0-win32-x64\jre\21.0.12.1-win32-x86_64\bin\zip.dll
Event: 4.840 Attempting to load shared library C:\Users\WINDOWS 11\.vscode\extensions\redhat.java-1.56.0-win32-x64\jre\21.0.12.1-win32-x86_64\bin\jimage.dll
Event: 4.840 Loaded shared library C:\Users\WINDOWS 11\.vscode\extensions\redhat.java-1.56.0-win32-x64\jre\21.0.12.1-win32-x86_64\bin\jimage.dll
Event: 6.631 Attempting to load shared library c:\Users\WINDOWS 11\.vscode\extensions\redhat.java-1.56.0-win32-x64\jre\21.0.12.1-win32-x86_64\bin\verify.dll
Event: 6.647 Loaded shared library c:\Users\WINDOWS 11\.vscode\extensions\redhat.java-1.56.0-win32-x64\jre\21.0.12.1-win32-x86_64\bin\verify.dll
Event: 28.608 Attempting to load shared library C:\Users\WINDOWS 11\AppData\Roaming\Code\User\globalStorage\redhat.java\1.56.0\config_win\org.eclipse.equinox.launcher\org.eclipse.equinox.launcher.win32.win32.x86_64_1.3.100.v20260804-1928\eclipse_11924.dll
Event: 28.613 Loaded shared library C:\Users\WINDOWS 11\AppData\Roaming\Code\User\globalStorage\redhat.java\1.56.0\config_win\org.eclipse.equinox.launcher\org.eclipse.equinox.launcher.win32.win32.x86_64_1.3.100.v20260804-1928\eclipse_11924.dll
Event: 66.849 Attempting to load shared library C:\Users\WINDOWS 11\.vscode\extensions\redhat.java-1.56.0-win32-x64\jre\21.0.12.1-win32-x86_64\bin\management.dll
Event: 66.850 Loaded shared library C:\Users\WINDOWS 11\.vscode\extensions\redhat.java-1.56.0-win32-x64\jre\21.0.12.1-win32-x86_64\bin\management.dll
Event: 66.866 Attempting to load shared library C:\Users\WINDOWS 11\.vscode\extensions\redhat.java-1.56.0-win32-x64\jre\21.0.12.1-win32-x86_64\bin\management_ext.dll
Event: 66.869 Loaded shared library C:\Users\WINDOWS 11\.vscode\extensions\redhat.java-1.56.0-win32-x64\jre\21.0.12.1-win32-x86_64\bin\management_ext.dll
Event: 67.860 Attempting to load shared library C:\Users\WINDOWS 11\AppData\Local\Temp\jna--1946447619\jna17510405003610446712.dll
Event: 68.067 Loaded shared library C:\Users\WINDOWS 11\AppData\Local\Temp\jna--1946447619\jna17510405003610446712.dll

Deoptimization events (20 events):
Event: 161.958 Thread 0x000002d0c7e3b420 Uncommon trap: trap_request=0xffffff45 fr.pc=0x000002d0f63b01c0 relative=0x0000000000000b80
Event: 161.958 Thread 0x000002d0c7e3b420 Uncommon trap: reason=unstable_if action=reinterpret pc=0x000002d0f63b01c0 method=org.eclipse.jdt.internal.compiler.util.JrtFileSystem$2.preVisitDirectory(Ljava/nio/file/Path;Ljava/nio/file/attribute/BasicFileAttributes;)Ljava/nio/file/FileVisitResult; @ 
Event: 161.958 Thread 0x000002d0c7e3b420 DEOPT PACKING pc=0x000002d0f63b01c0 sp=0x000000f3509ff2b0
Event: 161.958 Thread 0x000002d0c7e3b420 DEOPT UNPACKING pc=0x000002d0f591439c sp=0x000000f3509ff230 mode 2
Event: 168.642 Thread 0x000002d0c7e3b420 Uncommon trap: trap_request=0xffffffd6 fr.pc=0x000002d0f63ca310 relative=0x0000000000008010
Event: 168.642 Thread 0x000002d0c7e3b420 Uncommon trap: reason=array_check action=maybe_recompile pc=0x000002d0f63ca310 method=org.eclipse.jdt.internal.compiler.classfmt.ModuleInfo.readModuleAttribute(I)V @ 1029 c2
Event: 168.642 Thread 0x000002d0c7e3b420 DEOPT PACKING pc=0x000002d0f63ca310 sp=0x000000f3509fee90
Event: 168.642 Thread 0x000002d0c7e3b420 DEOPT UNPACKING pc=0x000002d0f591439c sp=0x000000f3509fee38 mode 2
Event: 171.104 Thread 0x000002d0c7e3b420 Uncommon trap: trap_request=0xffffffd6 fr.pc=0x000002d0f63ca310 relative=0x0000000000008010
Event: 171.104 Thread 0x000002d0c7e3b420 Uncommon trap: reason=array_check action=maybe_recompile pc=0x000002d0f63ca310 method=org.eclipse.jdt.internal.compiler.classfmt.ModuleInfo.readModuleAttribute(I)V @ 1029 c2
Event: 171.104 Thread 0x000002d0c7e3b420 DEOPT PACKING pc=0x000002d0f63ca310 sp=0x000000f3509fee90
Event: 171.104 Thread 0x000002d0c7e3b420 DEOPT UNPACKING pc=0x000002d0f591439c sp=0x000000f3509fee38 mode 2
Event: 171.770 Thread 0x000002d0c7e3b420 Uncommon trap: trap_request=0xffffffd6 fr.pc=0x000002d0f63ca310 relative=0x0000000000008010
Event: 171.770 Thread 0x000002d0c7e3b420 Uncommon trap: reason=array_check action=maybe_recompile pc=0x000002d0f63ca310 method=org.eclipse.jdt.internal.compiler.classfmt.ModuleInfo.readModuleAttribute(I)V @ 1029 c2
Event: 171.770 Thread 0x000002d0c7e3b420 DEOPT PACKING pc=0x000002d0f63ca310 sp=0x000000f3509fee90
Event: 171.770 Thread 0x000002d0c7e3b420 DEOPT UNPACKING pc=0x000002d0f591439c sp=0x000000f3509fee38 mode 2
Event: 172.139 Thread 0x000002d0c7e3b420 Uncommon trap: trap_request=0xffffffd6 fr.pc=0x000002d0f63ca310 relative=0x0000000000008010
Event: 172.139 Thread 0x000002d0c7e3b420 Uncommon trap: reason=array_check action=maybe_recompile pc=0x000002d0f63ca310 method=org.eclipse.jdt.internal.compiler.classfmt.ModuleInfo.readModuleAttribute(I)V @ 1029 c2
Event: 172.139 Thread 0x000002d0c7e3b420 DEOPT PACKING pc=0x000002d0f63ca310 sp=0x000000f3509fee90
Event: 172.139 Thread 0x000002d0c7e3b420 DEOPT UNPACKING pc=0x000002d0f591439c sp=0x000000f3509fee38 mode 2

Classes loaded (20 events):
Event: 132.425 Loading class java/util/concurrent/ConcurrentHashMap$KeySpliterator
Event: 132.426 Loading class java/util/concurrent/ConcurrentHashMap$KeySpliterator done
Event: 136.511 Loading class java/util/concurrent/CompletableFuture$UniApply
Event: 136.514 Loading class java/util/concurrent/CompletableFuture$UniCompletion
Event: 136.514 Loading class java/util/concurrent/CompletableFuture$UniCompletion done
Event: 136.514 Loading class java/util/concurrent/CompletableFuture$UniApply done
Event: 136.516 Loading class java/util/concurrent/CompletableFuture$UniAccept
Event: 136.516 Loading class java/util/concurrent/CompletableFuture$UniAccept done
Event: 136.517 Loading class java/util/concurrent/CompletableFuture$UniExceptionally
Event: 136.517 Loading class java/util/concurrent/CompletableFuture$UniExceptionally done
Event: 143.978 Loading class java/util/stream/ReduceOps$5
Event: 143.978 Loading class java/util/stream/ReduceOps$5 done
Event: 143.979 Loading class java/util/stream/ReduceOps$CountingSink$OfRef
Event: 143.979 Loading class java/util/stream/ReduceOps$CountingSink
Event: 143.979 Loading class java/util/stream/ReduceOps$CountingSink done
Event: 143.979 Loading class java/util/stream/ReduceOps$CountingSink$OfRef done
Event: 144.598 Loading class java/util/stream/ReduceOps$1
Event: 144.660 Loading class java/util/stream/ReduceOps$1 done
Event: 144.660 Loading class java/util/stream/ReduceOps$1ReducingSink
Event: 144.660 Loading class java/util/stream/ReduceOps$1ReducingSink done

Classes unloaded (10 events):
Event: 59.819 Thread 0x000002d0ffaf11b0 Unloading class 0x000002d0831ac800 'java/lang/invoke/LambdaForm$MH+0x000002d0831ac800'
Event: 59.819 Thread 0x000002d0ffaf11b0 Unloading class 0x000002d0831ac400 'java/lang/invoke/LambdaForm$MH+0x000002d0831ac400'
Event: 59.819 Thread 0x000002d0ffaf11b0 Unloading class 0x000002d0831ac000 'java/lang/invoke/LambdaForm$MH+0x000002d0831ac000'
Event: 59.819 Thread 0x000002d0ffaf11b0 Unloading class 0x000002d0831abc00 'java/lang/invoke/LambdaForm$MH+0x000002d0831abc00'
Event: 59.819 Thread 0x000002d0ffaf11b0 Unloading class 0x000002d0831ab800 'java/lang/invoke/LambdaForm$BMH+0x000002d0831ab800'
Event: 59.819 Thread 0x000002d0ffaf11b0 Unloading class 0x000002d0831ab400 'java/lang/invoke/LambdaForm$DMH+0x000002d0831ab400'
Event: 59.819 Thread 0x000002d0ffaf11b0 Unloading class 0x000002d0831aa000 'java/lang/invoke/LambdaForm$DMH+0x000002d0831aa000'
Event: 80.496 Thread 0x000002d0ffaf11b0 Unloading class 0x000002d083291800 'java/lang/invoke/LambdaForm$MH+0x000002d083291800'
Event: 80.496 Thread 0x000002d0ffaf11b0 Unloading class 0x000002d083291000 'java/lang/invoke/LambdaForm$MH+0x000002d083291000'
Event: 80.496 Thread 0x000002d0ffaf11b0 Unloading class 0x000002d083290800 'java/lang/invoke/LambdaForm$MH+0x000002d083290800'

Classes redefined (0 events):
No events

Internal exceptions (20 events):
Event: 132.546 Thread 0x000002d0c7e399e0 Exception <a 'sun/nio/fs/WindowsException'{0x00000000853d5768}> (0x00000000853d5768) 
thrown [s\src\hotspot\share\prims\jni.cpp, line 520]
Event: 132.547 Thread 0x000002d0c7e399e0 Exception <a 'sun/nio/fs/WindowsException'{0x00000000853d5db8}> (0x00000000853d5db8) 
thrown [s\src\hotspot\share\prims\jni.cpp, line 520]
Event: 132.559 Thread 0x000002d0c7e399e0 Exception <a 'sun/nio/fs/WindowsException'{0x0000000085216080}> (0x0000000085216080) 
thrown [s\src\hotspot\share\prims\jni.cpp, line 520]
Event: 132.559 Thread 0x000002d0c7e399e0 Exception <a 'sun/nio/fs/WindowsException'{0x00000000852166d0}> (0x00000000852166d0) 
thrown [s\src\hotspot\share\prims\jni.cpp, line 520]
Event: 136.507 Thread 0x000002d0c7e38cc0 Exception <a 'java/lang/IncompatibleClassChangeError'{0x00000000869c3920}: Found class java.lang.Object, but interface was expected> (0x00000000869c3920) 
thrown [s\src\hotspot\share\interpreter\linkResolver.cpp, line 840]
Event: 136.544 Thread 0x000002d0c7e38cc0 Exception <a 'java/lang/IncompatibleClassChangeError'{0x0000000086808b98}: Found class java.lang.Object, but interface was expected> (0x0000000086808b98) 
thrown [s\src\hotspot\share\interpreter\linkResolver.cpp, line 840]
Event: 140.130 Thread 0x000002d0c7e38cc0 Exception <a 'java/lang/IncompatibleClassChangeError'{0x0000000086a689f0}: Found class java.lang.Object, but interface was expected> (0x0000000086a689f0) 
thrown [s\src\hotspot\share\interpreter\linkResolver.cpp, line 840]
Event: 140.132 Thread 0x000002d0c7e38cc0 Exception <a 'java/lang/IncompatibleClassChangeError'{0x0000000086a72650}: Found class java.lang.Object, but interface was expected> (0x0000000086a72650) 
thrown [s\src\hotspot\share\interpreter\linkResolver.cpp, line 840]
Event: 141.329 Thread 0x000002d0c7e39350 Exception <a 'sun/nio/fs/WindowsException'{0x0000000085f297d0}> (0x0000000085f297d0) 
thrown [s\src\hotspot\share\prims\jni.cpp, line 520]
Event: 141.330 Thread 0x000002d0c7e39350 Exception <a 'sun/nio/fs/WindowsException'{0x0000000085f29e20}> (0x0000000085f29e20) 
thrown [s\src\hotspot\share\prims\jni.cpp, line 520]
Event: 141.331 Thread 0x000002d0c7e39350 Exception <a 'sun/nio/fs/WindowsException'{0x0000000085f2add0}> (0x0000000085f2add0) 
thrown [s\src\hotspot\share\prims\jni.cpp, line 520]
Event: 141.331 Thread 0x000002d0c7e39350 Exception <a 'sun/nio/fs/WindowsException'{0x0000000085f2b420}> (0x0000000085f2b420) 
thrown [s\src\hotspot\share\prims\jni.cpp, line 520]
Event: 142.004 Thread 0x000002d0c7e39350 Exception <a 'java/io/FileNotFoundException'{0x00000000855cd748}> (0x00000000855cd748) 
thrown [s\src\hotspot\share\prims\jni.cpp, line 520]
Event: 142.005 Thread 0x000002d0c7e39350 Exception <a 'java/io/FileNotFoundException'{0x00000000855ce4e8}> (0x00000000855ce4e8) 
thrown [s\src\hotspot\share\prims\jni.cpp, line 520]
Event: 142.074 Thread 0x000002d0c7e39350 Exception <a 'sun/nio/fs/WindowsException'{0x000000008543a1d8}> (0x000000008543a1d8) 
thrown [s\src\hotspot\share\prims\jni.cpp, line 520]
Event: 142.074 Thread 0x000002d0c7e39350 Exception <a 'sun/nio/fs/WindowsException'{0x000000008543a828}> (0x000000008543a828) 
thrown [s\src\hotspot\share\prims\jni.cpp, line 520]
Event: 142.075 Thread 0x000002d0c7e39350 Exception <a 'sun/nio/fs/WindowsException'{0x000000008543b868}> (0x000000008543b868) 
thrown [s\src\hotspot\share\prims\jni.cpp, line 520]
Event: 142.075 Thread 0x000002d0c7e39350 Exception <a 'sun/nio/fs/WindowsException'{0x000000008543beb8}> (0x000000008543beb8) 
thrown [s\src\hotspot\share\prims\jni.cpp, line 520]
Event: 143.981 Thread 0x000002d0c7e39350 Exception <a 'sun/nio/fs/WindowsException'{0x000000008667e270}> (0x000000008667e270) 
thrown [s\src\hotspot\share\prims\jni.cpp, line 520]
Event: 143.981 Thread 0x000002d0c7e39350 Exception <a 'sun/nio/fs/WindowsException'{0x000000008667e8c0}> (0x000000008667e8c0) 
thrown [s\src\hotspot\share\prims\jni.cpp, line 520]

ZGC Phase Switch (0 events):
No events

VM Operations (20 events):
Event: 176.072 Executing safepoint VM operation: Cleanup done
Event: 176.853 Executing safepoint VM operation: G1CollectForAllocation (G1 Evacuation Pause)
Event: 176.893 Executing safepoint VM operation: G1CollectForAllocation (G1 Evacuation Pause) done
Event: 177.900 Executing safepoint VM operation: G1CollectForAllocation (G1 Evacuation Pause)
Event: 177.928 Executing safepoint VM operation: G1CollectForAllocation (G1 Evacuation Pause) done
Event: 178.508 Executing safepoint VM operation: G1PauseRemark
Event: 178.637 Executing safepoint VM operation: G1PauseRemark done
Event: 178.818 Executing safepoint VM operation: G1PauseCleanup
Event: 178.819 Executing safepoint VM operation: G1PauseCleanup done
Event: 179.238 Executing safepoint VM operation: G1CollectForAllocation (G1 Evacuation Pause)
Event: 179.330 Executing safepoint VM operation: G1CollectForAllocation (G1 Evacuation Pause) done
Event: 180.337 Executing safepoint VM operation: Cleanup
Event: 180.337 Executing safepoint VM operation: Cleanup done
Event: 181.724 Executing non-safepoint VM operation: HandshakeAllThreads (HandshakeForDeflation)
Event: 181.927 Executing non-safepoint VM operation: HandshakeAllThreads (HandshakeForDeflation) done
Event: 181.927 Executing non-safepoint VM operation: RendezvousGCThreads
Event: 181.927 Executing non-safepoint VM operation: RendezvousGCThreads done
Event: 182.328 Executing safepoint VM operation: G1CollectForAllocation (G1 Evacuation Pause)
Event: 182.433 Executing safepoint VM operation: G1CollectForAllocation (G1 Evacuation Pause) done
Event: 185.244 Executing safepoint VM operation: G1CollectForAllocation (G1 Evacuation Pause)

Memory protections (0 events):
No events

Nmethod flushes (20 events):
Event: 164.136 Thread 0x000002d0ffaf11b0 flushing  nmethod 0x000002d0ef09dd10
Event: 164.136 Thread 0x000002d0ffaf11b0 flushing  nmethod 0x000002d0ef0a2610
Event: 164.136 Thread 0x000002d0ffaf11b0 flushing  nmethod 0x000002d0ef0a4310
Event: 164.136 Thread 0x000002d0ffaf11b0 flushing  nmethod 0x000002d0ef0a6d10
Event: 164.136 Thread 0x000002d0ffaf11b0 flushing  nmethod 0x000002d0ef14f790
Event: 169.271 Thread 0x000002d0ffaf11b0 flushing  nmethod 0x000002d0f63af390
Event: 169.271 Thread 0x000002d0ffaf11b0 flushing  nmethod 0x000002d0ee42fa10
Event: 169.271 Thread 0x000002d0ffaf11b0 flushing  nmethod 0x000002d0ee430610
Event: 169.271 Thread 0x000002d0ffaf11b0 flushing  nmethod 0x000002d0ee88b810
Event: 169.271 Thread 0x000002d0ffaf11b0 flushing  nmethod 0x000002d0eef90690
Event: 169.271 Thread 0x000002d0ffaf11b0 flushing  nmethod 0x000002d0ef16bd10
Event: 169.271 Thread 0x000002d0ffaf11b0 flushing  nmethod 0x000002d0eec5f690
Event: 169.271 Thread 0x000002d0ffaf11b0 flushing  nmethod 0x000002d0ef0da710
Event: 169.271 Thread 0x000002d0ffaf11b0 flushing  nmethod 0x000002d0ef34e690
Event: 169.271 Thread 0x000002d0ffaf11b0 flushing  nmethod 0x000002d0ef351590
Event: 178.634 Thread 0x000002d0ffaf11b0 flushing  nmethod 0x000002d0ef0bac10
Event: 178.634 Thread 0x000002d0ffaf11b0 flushing  nmethod 0x000002d0ef1f0290
Event: 178.634 Thread 0x000002d0ffaf11b0 flushing  nmethod 0x000002d0ee3c4f90
Event: 178.634 Thread 0x000002d0ffaf11b0 flushing  nmethod 0x000002d0ee638690
Event: 178.634 Thread 0x000002d0ffaf11b0 flushing  nmethod 0x000002d0ef0b0710

Events (20 events):
Event: 140.158 Thread 0x000002d0c7e38cc0 Thread added: 0x000002d0c796a1b0
Event: 140.454 Thread 0x000002d0c7e38cc0 Thread added: 0x000002d0c7969490
Event: 140.565 Thread 0x000002d0c7e38cc0 Thread added: 0x000002d0c796aed0
Event: 141.180 Thread 0x000002d0c7968e00 Thread exited: 0x000002d0c7968e00
Event: 141.191 Thread 0x000002d0c7e3ef30 Thread exited: 0x000002d0c7e3ef30
Event: 141.192 Thread 0x000002d0c79680e0 Thread exited: 0x000002d0c79680e0
Event: 141.200 Thread 0x000002d0c7e3f5c0 Thread exited: 0x000002d0c7e3f5c0
Event: 141.206 Thread 0x000002d0c7e3e210 Thread exited: 0x000002d0c7e3e210
Event: 141.206 Thread 0x000002d0c7e3fc50 Thread exited: 0x000002d0c7e3fc50
Event: 141.207 Thread 0x000002d0c796b560 Thread exited: 0x000002d0c796b560
Event: 141.644 Thread 0x000002d0c7969b20 Thread exited: 0x000002d0c7969b20
Event: 142.020 Thread 0x000002d0c796aed0 Thread exited: 0x000002d0c796aed0
Event: 146.929 Thread 0x000002d0c7e38cc0 Thread added: 0x000002d0c796e350
Event: 147.201 Thread 0x000002d0c7e38cc0 Thread added: 0x000002d0c796e9e0
Event: 147.207 Thread 0x000002d0c7e38cc0 Thread added: 0x000002d0c796f070
Event: 147.347 Thread 0x000002d0c796e350 Thread exited: 0x000002d0c796e350
Event: 147.366 Thread 0x000002d0c796f070 Thread exited: 0x000002d0c796f070
Event: 147.489 Thread 0x000002d0c796e9e0 Thread exited: 0x000002d0c796e9e0
Event: 149.510 Thread 0x000002d0c796bbf0 Thread exited: 0x000002d0c796bbf0
Event: 167.902 Thread 0x000002d0c7e3ce60 Thread exited: 0x000002d0c7e3ce60


Dynamic libraries:
0x00007ff6e03c0000 - 0x00007ff6e03ce000 	c:\Users\WINDOWS 11\.vscode\extensions\redhat.java-1.56.0-win32-x64\jre\21.0.12.1-win32-x86_64\bin\java.exe
0x00007ffa4a940000 - 0x00007ffa4aba7000 	C:\WINDOWS\SYSTEM32\ntdll.dll
0x00007ffa496d0000 - 0x00007ffa4979b000 	C:\WINDOWS\System32\KERNEL32.DLL
0x00007ffa48120000 - 0x00007ffa48522000 	C:\WINDOWS\System32\KERNELBASE.dll
0x00007ffa47fc0000 - 0x00007ffa4810c000 	C:\WINDOWS\System32\ucrtbase.dll
0x00007ffa14b00000 - 0x00007ffa14b18000 	c:\Users\WINDOWS 11\.vscode\extensions\redhat.java-1.56.0-win32-x64\jre\21.0.12.1-win32-x86_64\bin\jli.dll
0x00007ffa48d00000 - 0x00007ffa48ecf000 	C:\WINDOWS\System32\USER32.dll
0x00007ffa47b40000 - 0x00007ffa47b67000 	C:\WINDOWS\System32\win32u.dll
0x00007ffa49af0000 - 0x00007ffa49b1b000 	C:\WINDOWS\System32\GDI32.dll
0x00007ffa48530000 - 0x00007ffa48659000 	C:\WINDOWS\System32\gdi32full.dll
0x00007ffa47dc0000 - 0x00007ffa47e63000 	C:\WINDOWS\System32\msvcp_win.dll
0x00007ffa0f030000 - 0x00007ffa0f04e000 	c:\Users\WINDOWS 11\.vscode\extensions\redhat.java-1.56.0-win32-x64\jre\21.0.12.1-win32-x86_64\bin\VCRUNTIME140.dll
0x00007ffa32050000 - 0x00007ffa322e0000 	C:\WINDOWS\WinSxS\amd64_microsoft.windows.common-controls_6595b64144ccf1df_6.0.26100.9278_none_3e0d1ba8e3303201\COMCTL32.dll
0x00007ffa48ee0000 - 0x00007ffa48f89000 	C:\WINDOWS\System32\msvcrt.dll
0x00007ffa48f90000 - 0x00007ffa48fc1000 	C:\WINDOWS\System32\IMM32.DLL
0x00007ffa3a890000 - 0x00007ffa3a89c000 	c:\Users\WINDOWS 11\.vscode\extensions\redhat.java-1.56.0-win32-x64\jre\21.0.12.1-win32-x86_64\bin\vcruntime140_1.dll
0x00007ff985670000 - 0x00007ff9856fd000 	c:\Users\WINDOWS 11\.vscode\extensions\redhat.java-1.56.0-win32-x64\jre\21.0.12.1-win32-x86_64\bin\msvcp140.dll
0x00007ff9773e0000 - 0x00007ff978182000 	c:\Users\WINDOWS 11\.vscode\extensions\redhat.java-1.56.0-win32-x64\jre\21.0.12.1-win32-x86_64\bin\server\jvm.dll
0x00007ffa486c0000 - 0x00007ffa4877c000 	C:\WINDOWS\System32\ADVAPI32.dll
0x00007ffa49610000 - 0x00007ffa496b9000 	C:\WINDOWS\System32\sechost.dll
0x00007ffa49210000 - 0x00007ffa49328000 	C:\WINDOWS\System32\RPCRT4.dll
0x00007ffa490f0000 - 0x00007ffa49170000 	C:\WINDOWS\System32\WS2_32.dll
0x00007ffa479a0000 - 0x00007ffa479fe000 	C:\WINDOWS\SYSTEM32\POWRPROF.dll
0x00007ffa2e3f0000 - 0x00007ffa2e426000 	C:\WINDOWS\SYSTEM32\WINMM.dll
0x00007ffa3fc60000 - 0x00007ffa3fc6b000 	C:\WINDOWS\SYSTEM32\VERSION.dll
0x00007ffa47980000 - 0x00007ffa47995000 	C:\WINDOWS\SYSTEM32\UMPDC.dll
0x00007ffa467e0000 - 0x00007ffa467fb000 	C:\WINDOWS\SYSTEM32\kernel.appcore.dll
0x00007ffa3a240000 - 0x00007ffa3a24a000 	c:\Users\WINDOWS 11\.vscode\extensions\redhat.java-1.56.0-win32-x64\jre\21.0.12.1-win32-x86_64\bin\jimage.dll
0x00007ffa45180000 - 0x00007ffa453cc000 	C:\WINDOWS\SYSTEM32\DBGHELP.DLL
0x00007ffa49b20000 - 0x00007ffa49ea5000 	C:\WINDOWS\System32\combase.dll
0x00007ffa48790000 - 0x00007ffa48869000 	C:\WINDOWS\System32\OLEAUT32.dll
0x00007ffa2dab0000 - 0x00007ffa2daeb000 	C:\WINDOWS\SYSTEM32\dbgcore.DLL
0x00007ffa47f00000 - 0x00007ffa47fac000 	C:\WINDOWS\System32\bcryptPrimitives.dll
0x00007ffa38380000 - 0x00007ffa3838f000 	c:\Users\WINDOWS 11\.vscode\extensions\redhat.java-1.56.0-win32-x64\jre\21.0.12.1-win32-x86_64\bin\instrument.dll
0x00007ffa09080000 - 0x00007ffa090a0000 	c:\Users\WINDOWS 11\.vscode\extensions\redhat.java-1.56.0-win32-x64\jre\21.0.12.1-win32-x86_64\bin\java.dll
0x00007ffa4a0d0000 - 0x00007ffa4a868000 	C:\WINDOWS\System32\SHELL32.dll
0x00007ffa45580000 - 0x00007ffa45e2e000 	C:\WINDOWS\SYSTEM32\windows.storage.dll
0x00007ffa49510000 - 0x00007ffa4960b000 	C:\WINDOWS\System32\SHCORE.dll
0x00007ffa49180000 - 0x00007ffa491e6000 	C:\WINDOWS\System32\shlwapi.dll
0x00007ffa47a60000 - 0x00007ffa47a89000 	C:\WINDOWS\SYSTEM32\profapi.dll
0x00007ffa30660000 - 0x00007ffa30678000 	c:\Users\WINDOWS 11\.vscode\extensions\redhat.java-1.56.0-win32-x64\jre\21.0.12.1-win32-x86_64\bin\zip.dll
0x00007ffa29b50000 - 0x00007ffa29b60000 	C:\Users\WINDOWS 11\.vscode\extensions\redhat.java-1.56.0-win32-x64\jre\21.0.12.1-win32-x86_64\bin\net.dll
0x00007ffa3a740000 - 0x00007ffa3a86a000 	C:\WINDOWS\SYSTEM32\WINHTTP.dll
0x00007ffa46d90000 - 0x00007ffa46dfc000 	C:\WINDOWS\system32\mswsock.dll
0x00007ffa1e3f0000 - 0x00007ffa1e406000 	C:\Users\WINDOWS 11\.vscode\extensions\redhat.java-1.56.0-win32-x64\jre\21.0.12.1-win32-x86_64\bin\nio.dll
0x00007ffa0f6a0000 - 0x00007ffa0f6b0000 	c:\Users\WINDOWS 11\.vscode\extensions\redhat.java-1.56.0-win32-x64\jre\21.0.12.1-win32-x86_64\bin\verify.dll
0x00007ff9c1f70000 - 0x00007ff9c1fb5000 	C:\Users\WINDOWS 11\AppData\Roaming\Code\User\globalStorage\redhat.java\1.56.0\config_win\org.eclipse.equinox.launcher\org.eclipse.equinox.launcher.win32.win32.x86_64_1.3.100.v20260804-1928\eclipse_11924.dll
0x00007ffa49950000 - 0x00007ffa49aea000 	C:\WINDOWS\System32\ole32.dll
0x00007ffa470e0000 - 0x00007ffa470fb000 	C:\WINDOWS\SYSTEM32\CRYPTSP.dll
0x00007ffa46740000 - 0x00007ffa46779000 	C:\WINDOWS\system32\rsaenh.dll
0x00007ffa46e60000 - 0x00007ffa46e94000 	C:\WINDOWS\SYSTEM32\USERENV.dll
0x00007ffa47a30000 - 0x00007ffa47a5a000 	C:\WINDOWS\SYSTEM32\bcrypt.dll
0x00007ffa470c0000 - 0x00007ffa470cc000 	C:\WINDOWS\SYSTEM32\CRYPTBASE.dll
0x00007ffa461d0000 - 0x00007ffa46203000 	C:\WINDOWS\SYSTEM32\IPHLPAPI.DLL
0x00007ffa490e0000 - 0x00007ffa490ea000 	C:\WINDOWS\System32\NSI.dll
0x00007ffa3ac10000 - 0x00007ffa3ac1a000 	C:\Users\WINDOWS 11\.vscode\extensions\redhat.java-1.56.0-win32-x64\jre\21.0.12.1-win32-x86_64\bin\management.dll
0x00007ffa39860000 - 0x00007ffa3986c000 	C:\Users\WINDOWS 11\.vscode\extensions\redhat.java-1.56.0-win32-x64\jre\21.0.12.1-win32-x86_64\bin\management_ext.dll
0x00007ffa496c0000 - 0x00007ffa496c8000 	C:\WINDOWS\System32\PSAPI.DLL
0x00007ffa0ec70000 - 0x00007ffa0ecb9000 	C:\Users\WINDOWS 11\AppData\Local\Temp\jna--1946447619\jna17510405003610446712.dll
0x00007ffa3a8a0000 - 0x00007ffa3a8bd000 	C:\WINDOWS\SYSTEM32\dhcpcsvc6.DLL
0x00007ffa39c90000 - 0x00007ffa39cb5000 	C:\WINDOWS\SYSTEM32\dhcpcsvc.DLL

JVMTI agents:
c:\Users\WINDOWS 11\.vscode\extensions\redhat.java-1.56.0-win32-x64\lombok\lombok-1.18.39-4050.jar path:c:\Users\WINDOWS 11\.vscode\extensions\redhat.java-1.56.0-win32-x64\jre\21.0.12.1-win32-x86_64\bin\instrument.dll, loaded, initialized, instrumentlib options:none

dbghelp: loaded successfully - version: 4.0.5 - missing functions: none
symbol engine: initialized successfully - sym options: 0x614 - pdb path: .;c:\Users\WINDOWS 11\.vscode\extensions\redhat.java-1.56.0-win32-x64\jre\21.0.12.1-win32-x86_64\bin;C:\WINDOWS\SYSTEM32;C:\WINDOWS\WinSxS\amd64_microsoft.windows.common-controls_6595b64144ccf1df_6.0.26100.9278_none_3e0d1ba8e3303201;c:\Users\WINDOWS 11\.vscode\extensions\redhat.java-1.56.0-win32-x64\jre\21.0.12.1-win32-x86_64\bin\server;C:\Users\WINDOWS 11\AppData\Roaming\Code\User\globalStorage\redhat.java\1.56.0\config_win\org.eclipse.equinox.launcher\org.eclipse.equinox.launcher.win32.win32.x86_64_1.3.100.v20260804-1928;C:\Users\WINDOWS 11\AppData\Local\Temp\jna--1946447619

VM Arguments:
jvm_args: --add-modules=ALL-SYSTEM --add-opens=java.base/java.util=ALL-UNNAMED --add-opens=java.base/java.lang=ALL-UNNAMED --add-opens=java.base/sun.nio.fs=ALL-UNNAMED -Declipse.application=org.eclipse.jdt.ls.core.id1 -Dosgi.bundles.defaultStartLevel=4 -Declipse.product=org.eclipse.jdt.ls.core.product -Djava.import.generatesMetadataFilesAtProjectRoot=false -Dm2e.project.cache.size=50 -DDetectVMInstallationsJob.disabled=true -Dfile.encoding=utf8 -Xlog:disable -Xmx2G -javaagent:c:\Users\WINDOWS 11\.vscode\extensions\redhat.java-1.56.0-win32-x64\lombok\lombok-1.18.39-4050.jar -XX:+HeapDumpOnOutOfMemoryError -XX:HeapDumpPath=c:\Users\WINDOWS 11\AppData\Roaming\Code\User\workspaceStorage\fe404cd1fb7d674706fc62bec4e3662a\redhat.java -Daether.dependencyCollector.impl=bf 
java_command: c:\Users\WINDOWS 11\.vscode\extensions\redhat.java-1.56.0-win32-x64\server\plugins\org.eclipse.equinox.launcher_1.8.0.v20260804-1928.jar -configuration c:\Users\WINDOWS 11\AppData\Roaming\Code\User\globalStorage\redhat.java\1.56.0\config_win -data c:\Users\WINDOWS 11\AppData\Roaming\Code\User\workspaceStorage\fe404cd1fb7d674706fc62bec4e3662a\redhat.java\jdt_ws --stdio
java_class_path (initial): c:\Users\WINDOWS 11\.vscode\extensions\redhat.java-1.56.0-win32-x64\server\plugins\org.eclipse.equinox.launcher_1.8.0.v20260804-1928.jar
Launcher Type: SUN_STANDARD

[Global flags]
     intx CICompilerCount                          = 2                                         {product} {ergonomic}
     uint ConcGCThreads                            = 1                                         {product} {ergonomic}
     uint G1ConcRefinementThreads                  = 2                                         {product} {ergonomic}
   size_t G1HeapRegionSize                         = 1048576                                   {product} {ergonomic}
    uintx GCDrainStackTargetSize                   = 64                                        {product} {ergonomic}
     bool HeapDumpOnOutOfMemoryError               = true                                   {manageable} {command line}
    ccstr HeapDumpPath                             = c:\Users\WINDOWS 11\AppData\Roaming\Code\User\workspaceStorage\fe404cd1fb7d674706fc62bec4e3662a\redhat.java         {manageable} {command line}
   size_t InitialHeapSize                          = 65011712                                  {product} {ergonomic}
   size_t MarkStackSize                            = 4194304                                   {product} {ergonomic}
   size_t MaxHeapSize                              = 2147483648                                {product} {command line}
   size_t MaxNewSize                               = 1287651328                                {product} {ergonomic}
   size_t MinHeapDeltaBytes                        = 1048576                                   {product} {ergonomic}
   size_t MinHeapSize                              = 8388608                                   {product} {ergonomic}
    uintx NonNMethodCodeHeapSize                   = 5826188                                {pd product} {ergonomic}
    uintx NonProfiledCodeHeapSize                  = 122916026                              {pd product} {ergonomic}
    uintx ProfiledCodeHeapSize                     = 122916026                              {pd product} {ergonomic}
    uintx ReservedCodeCacheSize                    = 251658240                              {pd product} {ergonomic}
     bool SegmentedCodeCache                       = true                                      {product} {ergonomic}
   size_t SoftMaxHeapSize                          = 2147483648                             {manageable} {ergonomic}
     bool UseCompressedOops                        = true                           {product lp64_product} {ergonomic}
     bool UseG1GC                                  = true                                      {product} {ergonomic}
     bool UseLargePagesIndividualAllocation        = false                                  {pd product} {ergonomic}

Logging:
Log output configuration:
 #0: stdout all=off uptime,level,tags foldmultilines=false
 #1: stderr all=off uptime,level,tags foldmultilines=false

Release file:
JAVA_VERSION="21.0.12.1" 
MODULES="java.base java.compiler java.datatransfer java.xml java.prefs java.desktop java.instrument java.logging java.management java.security.sasl java.naming java.rmi java.management.rmi java.net.http java.scripting java.security.jgss java.transaction.xa java.sql java.sql.rowset java.xml.crypto java.se java.smartcardio jdk.accessibility jdk.internal.jvmstat jdk.attach jdk.charsets jdk.internal.opt jdk.zipfs jdk.compiler jdk.crypto.ec jdk.crypto.cryptoki jdk.crypto.mscapi jdk.dynalink jdk.internal.ed jdk.editpad jdk.hotspot.agent jdk.httpserver jdk.internal.le jdk.internal.vm.ci jdk.internal.vm.compiler jdk.internal.vm.compiler.management jdk.jartool jdk.javadoc jdk.jcmd jdk.management jdk.management.agent jdk.jconsole jdk.jdeps jdk.jdwp.agent jdk.jdi jdk.jfr jdk.jshell jdk.jsobject jdk.jstatd jdk.localedata jdk.management.jfr jdk.naming.dns jdk.naming.rmi jdk.net jdk.nio.mapmode jdk.random jdk.sctp jdk.security.auth jdk.security.jgss jdk.unsupported jdk.unsupported.desktop jdk.xml.dom" 

Environment Variables:
PATH=C:\Program Files\Common Files\Oracle\Java\javapath;C:\WINDOWS\system32;C:\WINDOWS;C:\WINDOWS\System32\Wbem;C:\WINDOWS\System32\WindowsPowerShell\v1.0\;C:\WINDOWS\System32\OpenSSH\;C:\Program Files\Git\cmd;C:\Users\WINDOWS 11\AppData\Local\Microsoft\WindowsApps;C:\Users\WINDOWS 11\AppData\Local\Programs\Microsoft VS Code\bin
USERNAME=WINDOWS 11
OS=Windows_NT
PROCESSOR_IDENTIFIER=Intel64 Family 6 Model 156 Stepping 0, GenuineIntel
TMP=C:\Users\WINDOW~1\AppData\Local\Temp
TEMP=C:\Users\WINDOW~1\AppData\Local\Temp




Periodic native trim disabled

---------------  S Y S T E M  ---------------

OS:
 Windows 11 , 64 bit Build 26100 (10.0.26100.9444)
OS uptime: 0 days 1:48 hours
Hyper-V role detected

CPU: total 2 (initial active 2) (2 cores per cpu, 1 threads per core) family 6 model 156 stepping 0 microcode 0x24000026, cx8, cmov, fxsr, mmx, 3dnowpref, sse, sse2, sse3, ssse3, sse4.1, sse4.2, popcnt, tsc, tscinvbit, aes, erms, clmul, sha, clflush, clflushopt, clwb, hv, rdtscp, rdpid
Processor Information for the first 2 processors :
  Max Mhz: 1114, Current Mhz: 1114, Mhz Limit: 1114

Memory: 4k page, system-wide physical 3871M (110M free)
TotalPageFile size 15647M (AvailPageFile size 136M)
current process WorkingSet (physical memory assigned to process): 379M, peak: 383M
current process commit charge ("private bytes"): 536M, peak: 698M

vm_info: OpenJDK 64-Bit Server VM (21.0.12.1+1-LTS) for windows-amd64 JRE (21.0.12.1+1-LTS), built on 2026-08-18T00:00:00Z by "admin" with MS VC++ 17.12 (VS2022)

END.
